c allocation:[0m
[0;32mI ESP-ROM:esp32s3-20210327
Build:Mar 27 2021
rst:0x15 (USB_UART_CHIP_RESET),boot:0x8 (SPI_FAST_FLASH_BOOT)
Saved PC:0x40048839
SPIWP:0xee
mode:DIO, clock div:1
load:0x3fce3818,len:0x1750
load:0x403c9700,len:0x4
load:0x403c9704,len:0xc00
load:0x403cc700,len:0x2e04
entry 0x403c9908
[0;32mI (26) boot: ESP-IDF v5.1.2 2nd stage bootloader[0m
[0;32mI (27) boot: compile time Aug  5 2025 11:42:05[0m
[0;32mI (27) boot: Multicore bootloader[0m
[0;32mI (30) boot: chip revision: v0.2[0m
[0;32mI (33) boot.esp32s3: Boot SPI Speed : 80MHz[0m
[0;32mI (38) boot.esp32s3: SPI Mode       : DIO[0m
[0;32mI (43) boot.esp32s3: SPI Flash Size : 2MB[0m
[0;32mI (48) boot: Enabling RNG early entropy source...[0m
[0;32mI (53) boot: Partition Table:[0m
[0;32mI (57) boot: ## Label            Usage          Type ST Offset   Length[0m
[0;32mI (64) boot:  0 nvs              WiFi data        01 02 00009000 00006000[0m
[0;32mI (71) boot:  1 phy_init         RF data          01 01 0000f000 00001000[0m
[0;32mI (79) boot:  2 factory          factory app      00 00 00010000 00100000[0m
[0;32mI (86) boot: End of partition table[0m
[0;32mI (91) esp_image: segment 0: paddr=00010020 vaddr=3c020020 size=0a2f0h ( 41712) map[0m
[0;32mI (107) esp_image: segment 1: paddr=0001a318 vaddr=3fc91c00 size=0287ch ( 10364) load[0m
[0;32mI (110) esp_image: segment 2: paddr=0001cb9c vaddr=40374000 size=0347ch ( 13436) load[0m
[0;32mI (119) esp_image: segment 3: paddr=00020020 vaddr=42000020 size=18630h ( 99888) map[0m
[0;32mI (142) esp_image: segment 4: paddr=00038658 vaddr=4037747c size=0a6ech ( 42732) load[0m
[0;32mI (158) boot: Loaded app from partition at offset 0x10000[0m
[0;32mI (158) boot: Disabling RNG early entropy source...[0m
[0;32mI (169) cpu_start: Multicore app[0m
[0;32mI (170) cpu_start: Pro cpu up.[0m
[0;32mI (170) cpu_start: Starting app cpu, entry point is 0x403752dc[0m
[0;32mI (0) cpu_start: App cpu up.[0m
[0;32mI (188) cpu_start: Pro cpu start user code[0m
[0;32mI (188) cpu_start: cpu freq: 160000000 Hz[0m
[0;32mI (188) cpu_start: Application information:[0m
[0;32mI (191) cpu_start: Project name:     rtos_timer[0m
[0;32mI (196) cpu_start: App version:      ad40c02[0m
[0;32mI (201) cpu_start: Compile time:     Aug  5 2025 11:42:00[0m
[0;32mI (207) cpu_start: ELF file SHA256:  f864264e635d0f9a...[0m
[0;32mI (213) cpu_start: ESP-IDF:          v5.1.2[0m
[0;32mI (218) cpu_start: Min chip rev:     v0.0[0m
[0;32mI (223) cpu_start: Max chip rev:     v0.99 [0m
[0;32mI (228) cpu_start: Chip rev:         v0.2[0m
[0;32mI (232) heap_init: Initializing. RAM available for dynamic allocation:[0m
[0;32mI (240) heap_init: At 3FC94E08 len 00054908 (338 KiB): DRAM[0m
[0;32mI (246) heap_init: At 3FCE9710 len 00005724 (21 KiB): STACK/DRAM[0m
[0;32mI (253) heap_init: At 3FCF0000 len 00008000 (32 KiB): DRAM[0m
[0;32mI (259) heap_init: At 600FE010 len 00001FD8 (7 KiB): RTCRAM[0m
[0;32mI (266) spi_flash: detected chip: boya[0m
[0;32mI (269) spi_flash: flash io: dio[0m
[0;33mW (273) spi_flash: Detected size(16384k) larger than the size in the binary image header(2048k). Using the size in the binary image header.[0m
[0;32mI (287) sleep: Configure to isolate all GPIO pins in sleep state[0m
[0;32mI (293) sleep: Enable automatic switching of GPIO sleep configuration[0m
[0;32mI (301) app_start: Starting scheduler on CPU0[0m
[0;32mI (305) app_start: Starting scheduler on CPU1[0m
[0;32mI (305) main_task: Started on CPU0[0m
[0;32mI (315) main_task: Calling app_main()[0m
[0;32mI (315) gpio: GPIO[2]| InputEn: 0| OutputEn: 1| OpenDrain: 0| Pullup: 0| Pulldown: 0| Intr:0 [0m
[0;32mI (325) LED_TIMER: Creating Timer.....[0m
[0;32mI (335) LED_TIMER: Starting Timer.... [0m
[0;32mI (335) main_task: Returned from app_main()[0m
[0;32mI (835) LED_TIMER: Timer fired. LED is now OFF[0m

***ERROR*** A stack overflow in task Tmr Svc has been detected.


Backtrace: 0x40375826:0x3fc99fa0 0x40379a81:0x3fc99fc0 0x4037c4de:0x3fc99fe0 0x4037b107:0x3fc9a060 0x4037c62c:0x3fc9a080 0x4037c622:0x3fc9a0b0 0x420084cb:0x00000001 |<-CORRUPTED




ELF file SHA256: f864264e635d0f9a

Rebooting...
ESP-ROM:esp32s3-20210327
Build:Mar 27 2021
rst:0x3 (RTC_SW_SYS_RST),boot:0x8 (SPI_FAST_FLASH_BOOT)
Saved PC:0x403756a8
SPIWP:0xee
mode:DIO, clock div:1
load:0x3fce3818,len:0x1750
load:0x403c9700,len:0x4
load:0x403c9704,len:0xc00
load:0x403cc700,len:0x2e04
entry 0x403c9908
[0;32mI (26) boot: ESP-IDF v5.1.2 2nd stage bootloader[0m
[0;32mI (26) boot: compile time Aug  5 2025 11:42:05[0m
[0;32mI (26) boot: Multicore bootloader[0m
[0;32mI (29) boot: chip revision: v0.2[0m
[0;32mI (33) boot.esp32s3: Boot SPI Speed : 80MHz[0m
[0;32mI (38) boot.esp32s3: SPI Mode       : DIO[0m
[0;32mI (42) boot.esp32s3: SPI Flash Size : 2MB[0m
[0;32mI (47) boot: Enabling RNG early entropy source...[0m
[0;32mI (53) boot: Partition Table:[0m
[0;32mI (56) boot: ## Label            Usage          Type ST Offset   Length[0m
[0;32mI (64) boot:  0 nvs              WiFi data        01 02 00009000 00006000[0m
[0;32mI (71) boot:  1 phy_init         RF data          01 01 0000f000 00001000[0m
[0;32mI (78) boot:  2 factory          factory app      00 00 00010000 00100000[0m
[0;32mI (86) boot: End of partition table[0m
[0;32mI (90) esp_image: segment 0: paddr=00010020 vaddr=3c020020 size=0a2f0h ( 41712) map[0m
[0;32mI (106) esp_image: segment 1: paddr=0001a318 vaddr=3fc91c00 size=0287ch ( 10364) load[0m
[0;32mI (109) esp_image: segment 2: paddr=0001cb9c vaddr=40374000 size=0347ch ( 13436) load[0m
[0;32mI (118) esp_image: segment 3: paddr=00020020 vaddr=42000020 size=18630h ( 99888) map[0m
[0;32mI (142) esp_image: segment 4: paddr=00038658 vaddr=4037747c size=0a6ech ( 42732) load[0m
[0;32mI (157) boot: Loaded app from partition at offset 0x10000[0m
[0;32mI (158) boot: Disabling RNG early entropy source...[0m
[0;32mI (169) cpu_start: Multicore app[0m
[0;32mI (169) cpu_start: Pro cpu up.[0m
[0;32mI (169) cpu_start: Starting app cpu, entry point is 0x403752dc[0m
[0;32mI (0) cpu_start: App cpu up.[0m
[0;32mI (187) cpu_start: Pro cpu start user code[0m
[0;32mI (188) cpu_start: cpu freq: 160000000 Hz[0m
[0;32mI (188) cpu_start: Application information:[0m
[0;32mI (191) cpu_start: Project name:     rtos_timer[0m
[0;32mI (196) cpu_start: App version:      ad40c02[0m
[0;32mI (201) cpu_start: Compile time:     Aug  5 2025 11:42:00[0m
[0;32mI (207) cpu_start: ELF file SHA256:  f864264e635d0f9a...[0m
[0;32mI (213) cpu_start: ESP-IDF:          v5.1.2[0m
[0;32mI (218) cpu_start: Min chip rev:     v0.0[0m
[0;32mI (222) cpu_start: Max chip rev:     v0.99 [0m
[0;32mI (227) cpu_start: Chip rev:         v0.2[0m
[0;32mI (232) heap_init: Initializing. RAM available for dynamic allocation:[0m
[0;32mI (239) heap_init: At 3FC94E08 len 00054908 (338 KiB): DRAM[0m
[0;32mI (245) heap_init: At 3FCE9710 len 00005724 (21 KiB): STACK/DRAM[0m
[0;32mI (252) heap_init: At 3FCF0000 len 00008000 (32 KiB): DRAM[0m
[0;32mI (258) heap_init: At 600FE010 len 00001FD8 (7 KiB): RTCRAM[0m
[0;32mI (265) spi_flash: detected chip: boya[0m
[0;32mI (269) spi_flash: flash io: dio[0m
[0;33mW (273) spi_flash: Detected size(16384k) larger than the size in the binary image header(2048k). Using the size in the binary image header.[0m
[0;32mI (286) sleep: Configure to isolate all GPIO pins in sleep state[0m
[0;32mI (293) sleep: Enable automatic switching of GPIO sleep configuration[0m
[0;32mI (300) app_start: Starting scheduler on CPU0[0m
[0;32mI (305) app_start: Starting scheduler on CPU1[0m
[0;32mI (305) main_task: Started on CPU0[0m
[0;32mI (315) main_task: Calling app_main()[0m
[0;32mI (315) gpio: GPIO[2]| InputEn: 0| OutputEn: 1| OpenDrain: 0| Pullup: 0| Pulldown: 0| Intr:0 [0m
[0;32mI (325) LED_TIMER: Creating Timer.....[0m
[0;32mI (335) LED_TIMER: Starting Timer.... [0m
[0;32mI (335) main_task: Returned from app_main()[0m
[0;32mI (835) LED_TIMER: Timer fired. LED is now OFF[0m

***ERROR*** A stack overflow in task Tmr Svc has been detected.


Backtrace: 0x40375826:0x3fc99fa0 0x40379a81:0x3fc99fc0 0x4037c4de:0x3fc99fe0 0x4037b107:0x3fc9a060 0x4037c62c:0x3fc9a080 0x4037c622:0x3fc9a0b0 0x420084cb:0x00000001 |<-CORRUPTED




ELF file SHA256: f864264e635d0f9a

Rebooting...
ESP-ROM:esp32s3-20210327
Build:Mar 27 2021
rst:0x3 (RTC_SW_SYS_RST),boot:0x8 (SPI_FAST_FLASH_BOOT)
Saved PC:0x403756a8
SPIWP:0xee
mode:DIO, clock div:1
load:0x3fce3818,len:0x1750
load:0x403c9700,len:0x4
load:0x403c9704,len:0xc00
load:0x403cc700,len:0x2e04
entry 0x403c9908
[0;32mI (26) boot: ESP-IDF v5.1.2 2nd stage bootloader[0m
[0;32mI (26) boot: compile time Aug  5 2025 11:42:05[0m
[0;32mI (26) boot: Multicore bootloader[0m
[0;32mI (29) boot: chip revision: v0.2[0m
[0;32mI (33) boot.esp32s3: Boot SPI Speed : 80MHz[0m
[0;32mI (38) boot.esp32s3: SPI Mode       : DIO[0m
[0;32mI (42) boot.esp32s3: SPI Flash Size : 2MB[0m
[0;32mI (47) boot: Enabling RNG early entropy source...[0m
[0;32mI (53) boot: Partition Table:[0m
[0;32mI (56) boot: ## Label            Usage          Type ST Offset   Length[0m
[0;32mI (64) boot:  0 nvs              WiFi data        01 02 00009000 00006000[0m
[0;32mI (71) boot:  1 phy_init         RF data          01 01 0000f000 00001000[0m
[0;32mI (78) boot:  2 factory          factory app      00 00 00010000 00100000[0m
[0;32mI (86) boot: End of partition table[0m
[0;32mI (90) esp_image: segment 0: paddr=00010020 vaddr=3c020020 size=0a2f0h ( 41712) map[0m
[0;32mI (106) esp_image: segment 1: paddr=0001a318 vaddr=3fc91c00 size=0287ch ( 10364) load[0m
[0;32mI (109) esp_image: segment 2: paddr=0001cb9c vaddr=40374000 size=0347ch ( 13436) load[0m
[0;32mI (118) esp_image: segment 3: paddr=00020020 vaddr=42000020 size=18630h ( 99888) map[0m
[0;32mI (142) esp_image: segment 4: paddr=00038658 vaddr=4037747c size=0a6ech ( 42732) load[0m
[0;32mI (157) boot: Loaded app from partition at offset 0x10000[0m
[0;32mI (158) boot: Disabling RNG early entropy source...[0m
[0;32mI (169) cpu_start: Multicore app[0m
[0;32mI (169) cpu_start: Pro cpu up.[0m
[0;32mI (169) cpu_start: Starting app cpu, entry point is 0x403752dc[0m
[0;32mI (0) cpu_start: App cpu up.[0m
[0;32mI (187) cpu_start: Pro cpu start user code[0m
[0;32mI (188) cpu_start: cpu freq: 160000000 Hz[0m
[0;32mI (188) cpu_start: Application information:[0m
[0;32mI (191) cpu_start: Project name:     rtos_timer[0m
[0;32mI (196) cpu_start: App version:      ad40c02[0m
[0;32mI (201) cpu_start: Compile time:     Aug  5 2025 11:42:00[0m
[0;32mI (207) cpu_start: ELF file SHA256:  f864264e635d0f9a...[0m
[0;32mI (213) cpu_start: ESP-IDF:          v5.1.2[0m
[0;32mI (218) cpu_start: Min chip rev:     v0.0[0m
[0;32mI (222) cpu_start: Max chip rev:     v0.99 [0m
[0;32mI (227) cpu_start: Chip rev:         v0.2[0m
[0;32mI (232) heap_init: Initializing. RAM available for dynamic allocation:[0m
[0;32mI (239) heap_init: At 3FC94E08 len 00054908 (338 KiB): DRAM[0m
[0;32mI (245) heap_init: At 3FCE9710 len 00005724 (21 KiB): STACK/DRAM[0m
[0;32mI (252) heap_init: At 3FCF0000 len 00008000 (32 KiB): DRAM[0m
[0;32mI (258) heap_init: At 600FE010 len 00001FD8 (7 KiB): RTCRAM[0m
[0;32mI (265) spi_flash: detected chip: boya[0m
[0;32mI (269) spi_flash: flash io: dio[0m
[0;33mW (273) spi_flash: Detected size(16384k) larger than the size in the binary image header(2048k). Using the size in the binary image header.[0m
[0;32mI (286) sleep: Configure to isolate all GPIO pins in sleep state[0m
[0;32mI (293) sleep: Enable automatic switching of GPIO sleep configuration[0m
[0;32mI (300) app_start: Starting scheduler on CPU0[0m
[0;32mI (305) app_start: Starting scheduler on CPU1[0m
[0;32mI (305) main_task: Started on CPU0[0m
[0;32mI (315) main_task: Calling app_main()[0m
[0;32mI (315) gpio: GPIO[2]| InputEn: 0| OutputEn: 1| OpenDrain: 0| Pullup: 0| Pulldown: 0| Intr:0 [0m
[0;32mI (325) LED_TIMER: Creating Timer.....[0m
[0;32mI (335) LED_TIMER: Starting Timer.... [0m
[0;32mI (335) main_task: Returned from app_main()[0m
[0;32mI (835) LED_TIMER: Timer fired. LED is now OFF[0m

***ERROR*** A stack overflow in task Tmr Svc has been detected.


Backtrace: 0x40375826:0x3fc99fa0 0x40379a81:0x3fc99fc0 0x4037c4de:0x3fc99fe0 0x4037b107:0x3fc9a060 0x4037c62c:0x3fc9a080 0x4037c622:0x3fc9a0b0 0x420084cb:0x00000001 |<-CORRUPTED




ELF file SHA256: f864264e635d0f9a

Rebooting...
ESP-ROM:esp32s3-20210327
Build:Mar 27 2021
rst:0x3 (RTC_SW_SYS_RST),boot:0x8 (SPI_FAST_FLASH_BOOT)
Saved PC:0x403756a8
SPIWP:0xee
mode:DIO, clock div:1
load:0x3fce3818,len:0x1750
load:0x403c9700,len:0x4
load:0x403c9704,len:0xc00
load:0x403cc700,len:0x2e04
entry 0x403c9908
[0;32mI (26) boot: ESP-IDF v5.1.2 2nd stage bootloader[0m
[0;32mI (26) boot: compile time Aug  5 2025 11:42:05[0m
[0;32mI (26) boot: Multicore bootloader[0m
[0;32mI (29) boot: chip revision: v0.2[0m
[0;32mI (33) boot.esp32s3: Boot SPI Speed : 80MHz[0m
[0;32mI (38) boot.esp32s3: SPI Mode       : DIO[0m
[0;32mI (42) boot.esp32s3: SPI Flash Size : 2MB[0m
[0;32mI (47) boot: Enabling RNG early entropy source...[0m
[0;32mI (53) boot: Partition Table:[0m
[0;32mI (56) boot: ## Label            Usage          Type ST Offset   Length[0m
[0;32mI (64) boot:  0 nvs              WiFi data        01 02 00009000 00006000[0m
[0;32mI (71) boot:  1 phy_init         RF data          01 01 0000f000 00001000[0m
[0;32mI (78) boot:  2 factory          factory app      00 00 00010000 00100000[0m
[0;32mI (86) boot: End of partition table[0m
[0;32mI (90) esp_image: segment 0: paddr=00010020 vaddr=3c020020 size=0a2f0h ( 41712) map[0m
[0;32mI (106) esp_image: segment 1: paddr=0001a318 vaddr=3fc91c00 size=0287ch ( 10364) load[0m
[0;32mI (109) esp_image: segment 2: paddr=0001cb9c vaddr=40374000 size=0347ch ( 13436) load[0m
[0;32mI (118) esp_image: segment 3: paddr=00020020 vaddr=42000020 size=18630h ( 99888) map[0m
[0;32mI (142) esp_image: segment 4: paddr=00038658 vaddr=4037747c size=0a6ech ( 42732) load[0m
[0;32mI (157) boot: Loaded app from partition at offset 0x10000[0m
[0;32mI (158) boot: Disabling RNG early entropy source...[0m
[0;32mI (169) cpu_start: Multicore app[0m
[0;32mI (169) cpu_start: Pro cpu up.[0m
[0;32mI (169) cpu_start: Starting app cpu, entry point is 0x403752dc[0m
[0;32mI (0) cpu_start: App cpu up.[0m
[0;32mI (187) cpu_start: Pro cpu start user code[0m
[0;32mI (188) cpu_start: cpu freq: 160000000 Hz[0m
[0;32mI (188) cpu_start: Application information:[0m
[0;32mI (191) cpu_start: Project name:     rtos_timer[0m
[0;32mI (196) cpu_start: App version:      ad40c02[0m
[0;32mI (201) cpu_start: Compile time:     Aug  5 2025 11:42:00[0m
[0;32mI (207) cpu_start: ELF file SHA256:  f864264e635d0f9a...[0m
[0;32mI (213) cpu_start: ESP-IDF:          v5.1.2[0m
[0;32mI (218) cpu_start: Min chip rev:     v0.0[0m
[0;32mI (222) cpu_start: Max chip rev:     v0.99 [0m
[0;32mI (227) cpu_start: Chip rev:         v0.2[0m
[0;32mI (232) heap_init: Initializing. RAM available for dynamic allocation:[0m
[0;32mI (239) heap_init: At 3FC94E08 len 00054908 (338 KiB): DRAM[0m
[0;32mI (245) heap_init: At 3FCE9710 len 00005724 (21 KiB): STACK/DRAM[0m
[0;32mI (252) heap_init: At 3FCF0000 len 00008000 (32 KiB): DRAM[0m
[0;32mI (258) heap_init: At 600FE010 len 00001FD8 (7 KiB): RTCRAM[0m
[0;32mI (265) spi_flash: detected chip: boya[0m
[0;32mI (269) spi_flash: flash io: dio[0m
[0;33mW (273) spi_flash: Detected size(16384k) larger than the size in the binary image header(2048k). Using the size in the binary image header.[0m
[0;32mI (286) sleep: Configure to isolate all GPIO pins in sleep state[0m
[0;32mI (293) sleep: Enable automatic switching of GPIO sleep configuration[0m
[0;32mI (300) app_start: Starting scheduler on CPU0[0m
[0;32mI (305) app_start: Starting scheduler on CPU1[0m
[0;32mI (305) main_task: Started on CPU0[0m
[0;32mI (315) main_task: Calling app_main()[0m
[0;32mI (315) gpio: GPIO[2]| InputEn: 0| OutputEn: 1| OpenDrain: 0| Pullup: 0| Pulldown: 0| Intr:0 [0m
[0;32mI (325) LED_TIMER: Creating Timer.....[0m
[0;32mI (335) LED_TIMER: Starting Timer.... [0m
[0;32mI (335) main_task: Returned from app_main()[0m
[0;32mI (835) LED_TIMER: Timer fired. LED is now OFF[0m

***ERROR*** A stack overflow in task Tmr Svc has been detected.


Backtrace: 0x40375826:0x3fc99fa0 0x40379a81:0x3fc99fc0 0x4037c4de:0x3fc99fe0 0x4037b107:0x3fc9a060 0x4037c62c:0x3fc9a080 0x4037c622:0x3fc9a0b0 0x420084cb:0x00000001 |<-CORRUPTED




ELF file SHA256: f864264e635d0f9a

Rebooting...
ESP-ROM:esp32s3-20210327
Build:Mar 27 2021
rst:0x3 (RTC_SW_SYS_RST),boot:0x8 (SPI_FAST_FLASH_BOOT)
Saved PC:0x403756a8
SPIWP:0xee
mode:DIO, clock div:1
load:0x3fce3818,len:0x1750
load:0x403c9700,len:0x4
load:0x403c9704,len:0xc00
load:0x403cc700,len:0x2e04
entry 0x403c9908
[0;32mI (26) boot: ESP-IDF v5.1.2 2nd stage bootloader[0m
[0;32mI (26) boot: compile time Aug  5 2025 11:42:05[0m
[0;32mI (26) boot: Multicore bootloader[0m
[0;32mI (29) boot: chip revision: v0.2[0m
[0;32mI (33) boot.esp32s3: Boot SPI Speed : 80MHz[0m
[0;32mI (38) boot.esp32s3: SPI Mode       : DIO[0m
[0;32mI (42) boot.esp32s3: SPI Flash Size : 2MB[0m
[0;32mI (47) boot: Enabling RNG early entropy source...[0m
[0;32mI (53) boot: Partition Table:[0m
[0;32mI (56) boot: ## Label            Usage          Type ST Offset   Length[0m
[0;32mI (64) boot:  0 nvs              WiFi data        01 02 00009000 00006000[0m
[0;32mI (71) boot:  1 phy_init         RF data          01 01 0000f000 00001000[0m
[0;32mI (78) boot:  2 factory          factory app      00 00 00010000 00100000[0m
[0;32mI (86) boot: End of partition table[0m
[0;32mI (90) esp_image: segment 0: paddr=00010020 vaddr=3c020020 size=0a2f0h ( 41712) map[0m
[0;32mI (106) esp_image: segment 1: paddr=0001a318 vaddr=3fc91c00 size=0287ch ( 10364) load[0m
[0;32mI (109) esp_image: segment 2: paddr=0001cb9c vaddr=40374000 size=0347ch ( 13436) load[0m
[0;32mI (118) esp_image: segment 3: paddr=00020020 vaddr=42000020 size=18630h ( 99888) map[0m
[0;32mI (142) esp_image: segment 4: paddr=00038658 vaddr=4037747c size=0a6ech ( 42732) load[0m
[0;32mI (157) boot: Loaded app from partition at offset 0x10000[0m
[0;32mI (158) boot: Disabling RNG early entropy source...[0m
[0;32mI (169) cpu_start: Multicore app[0m
[0;32mI (169) cpu_start: Pro cpu up.[0m
[0;32mI (169) cpu_start: Starting app cpu, entry point is 0x403752dc[0m
[0;32mI (0) cpu_start: App cpu up.[0m
[0;32mI (187) cpu_start: Pro cpu start user code[0m
[0;32mI (188) cpu_start: cpu freq: 160000000 Hz[0m
[0;32mI (188) cpu_start: Application information:[0m
[0;32mI (191) cpu_start: Project name:     rtos_timer[0m
[0;32mI (196) cpu_start: App version:      ad40c02[0m
[0;32mI (201) cpu_start: Compile time:     Aug  5 2025 11:42:00[0m
[0;32mI (207) cpu_start: ELF file SHA256:  f864264e635d0f9a...[0m
[0;32mI (213) cpu_start: ESP-IDF:          v5.1.2[0m
[0;32mI (218) cpu_start: Min chip rev:     v0.0[0m
[0;32mI (222) cpu_start: Max chip rev:     v0.99 [0m
[0;32mI (227) cpu_start: Chip rev:         v0.2[0m
[0;32mI (232) heap_init: Initializing. RAM available for dynamic allocation:[0m
[0;32mI (239) heap_init: At 3FC94E08 len 00054908 (338 KiB): DRAM[0m
[0;32mI (245) heap_init: At 3FCE9710 len 00005724 (21 KiB): STACK/DRAM[0m
[0;32mI (252) heap_init: At 3FCF0000 len 00008000 (32 KiB): DRAM[0m
[0;32mI (258) heap_init: At 600FE010 len 00001FD8 (7 KiB): RTCRAM[0m
[0;32mI (265) spi_flash: detected chip: boya[0m
[0;32mI (269) spi_flash: flash io: dio[0m
[0;33mW (273) spi_flash: Detected size(16384k) larger than the size in the binary image header(2048k). Using the size in the binary image header.[0m
[0;32mI (286) sleep: Configure to isolate all GPIO pins in sleep state[0m
[0;32mI (293) sleep: Enable automatic switching of GPIO sleep configuration[0m
[0;32mI (300) app_start: Starting scheduler on CPU0[0m
[0;32mI (305) app_start: Starting scheduler on CPU1[0m
[0;32mI (305) main_task: Started on CPU0[0m
[0;32mI (315) main_task: Calling app_main()[0m
[0;32mI (315) gpio: GPIO[2]| InputEn: 0| OutputEn: 1| OpenDrain: 0| Pullup: 0| Pulldown: 0| Intr:0 [0m
[0;32mI (325) LED_TIMER: Creating Timer.....[0m
[0;32mI (335) LED_TIMER: Starting Timer.... [0m
[0;32mI (335) main_task: Returned from app_main()[0m
[0;32mI (835) LED_TIMER: Timer fired. LED is now OFF[0m

***ERROR*** A stack overflow in task Tmr Svc has been detected.


Backtrace: 0x40375826:0x3fc99fa0 0x40379a81:0x3fc99fc0 0x4037c4de:0x3fc99fe0 0x4037b107:0x3fc9a060 0x4037c62c:0x3fc9a080 0x4037c622:0x3fc9a0b0 0x420084cb:0x00000001 |<-CORRUPTED




ELF file SHA256: f864264e635d0f9a

Rebooting...
ESP-ROM:esp32s3-20210327
Build:Mar 27 2021
rst:0x3 (RTC_SW_SYS_RST),boot:0x8 (SPI_FAST_FLASH_BOOT)
Saved PC:0x403756a8
SPIWP:0xee
mode:DIO, clock div:1
load:0x3fce3818,len:0x1750
load:0x403c9700,len:0x4
load:0x403c9704,len:0xc00
load:0x403cc700,len:0x2e04
entry 0x403c9908
[0;32mI (26) boot: ESP-IDF v5.1.2 2nd stage bootloader[0m
[0;32mI (26) boot: compile time Aug  5 2025 11:42:05[0m
[0;32mI (26) boot: Multicore bootloader[0m
[0;32mI (29) boot: chip revision: v0.2[0m
[0;32mI (33) boot.esp32s3: Boot SPI Speed : 80MHz[0m
[0;32mI (38) boot.esp32s3: SPI Mode       : DIO[0m
[0;32mI (42) boot.esp32s3: SPI Flash Size : 2MB[0m
[0;32mI (47) boot: Enabling RNG early entropy source...[0m
[0;32mI (53) boot: Partition Table:[0m
[0;32mI (56) boot: ## Label            Usage          Type ST Offset   Length[0m
[0;32mI (64) boot:  0 nvs              WiFi data        01 02 00009000 00006000[0m
[0;32mI (71) boot:  1 phy_init         RF data          01 01 0000f000 00001000[0m
[0;32mI (78) boot:  2 factory          factory app      00 00 00010000 00100000[0m
[0;32mI (86) boot: End of partition table[0m
[0;32mI (90) esp_image: segment 0: paddr=00010020 vaddr=3c020020 size=0a2f0h ( 41712) map[0m
[0;32mI (106) esp_image: segment 1: paddr=0001a318 vaddr=3fc91c00 size=0287ch ( 10364) load[0m
[0;32mI (109) esp_image: segment 2: paddr=0001cb9c vaddr=40374000 size=0347ch ( 13436) load[0m
[0;32mI (118) esp_image: segment 3: paddr=00020020 vaddr=42000020 size=18630h ( 99888) map[0m
[0;32mI (142) esp_image: segment 4: paddr=00038658 vaddr=4037747c size=0a6ech ( 42732) load[0m
[0;32mI (157) boot: Loaded app from partition at offset 0x10000[0m
[0;32mI (158) boot: Disabling RNG early entropy source...[0m
[0;32mI (169) cpu_start: Multicore app[0m
[0;32mI (169) cpu_start: Pro cpu up.[0m
[0;32mI (169) cpu_start: Starting app cpu, entry point is 0x403752dc[0m
[0;32mI (0) cpu_start: App cpu up.[0m
[0;32mI (187) cpu_start: Pro cpu start user code[0m
[0;32mI (188) cpu_start: cpu freq: 160000000 Hz[0m
[0;32mI (188) cpu_start: Application information:[0m
[0;32mI (191) cpu_start: Project name:     rtos_timer[0m
[0;32mI (196) cpu_start: App version:      ad40c02[0m
[0;32mI (201) cpu_start: Compile time:     Aug  5 2025 11:42:00[0m
[0;32mI (207) cpu_start: ELF file SHA256:  f864264e635d0f9a...[0m
[0;32mI (213) cpu_start: ESP-IDF:          v5.1.2[0m
[0;32mI (218) cpu_start: Min chip rev:     v0.0[0m
[0;32mI (222) cpu_start: Max chip rev:     v0.99 [0m
[0;32mI (227) cpu_start: Chip rev:         v0.2[0m
[0;32mI (232) heap_init: Initializing. RAM available for dynamic allocation:[0m
[0;32mI (239) heap_init: At 3FC94E08 len 00054908 (338 KiB): DRAM[0m
[0;32mI (245) heap_init: At 3FCE9710 len 00005724 (21 KiB): STACK/DRAM[0m
[0;32mI (252) heap_init: At 3FCF0000 len 00008000 (32 KiB): DRAM[0m
[0;32mI (258) heap_init: At 600FE010 len 00001FD8 (7 KiB): RTCRAM[0m
[0;32mI (265) spi_flash: detected chip: boya[0m
[0;32mI (269) spi_flash: flash io: dio[0m
[0;33mW (273) spi_flash: Detected size(16384k) larger than the size in the binary image header(2048k). Using the size in the binary image header.[0m
[0;32mI (286) sleep: Configure to isolate all GPIO pins in sleep state[0m
[0;32mI (293) sleep: Enable automatic switching of GPIO sleep configuration[0m
[0;32mI (300) app_start: Starting scheduler on CPU0[0m
[0;32mI (305) app_start: Starting scheduler on CPU1[0m
[0;32mI (305) main_task: Started on CPU0[0m
[0;32mI (315) main_task: Calling app_main()[0m
[0;32mI (315) gpio: GPIO[2]| InputEn: 0| OutputEn: 1| OpenDrain: 0| Pullup: 0| Pulldown: 0| Intr:0 [0m
[0;32mI (325) LED_TIMER: Creating Timer.....[0m
[0;32mI (335) LED_TIMER: Starting Timer.... [0m
[0;32mI (335) main_task: Returned from app_main()[0m
[0;32mI (835) LED_TIMER: Timer fired. LED is now OFF[0m

***ERROR*** A stack overflow in task Tmr Svc has been detected.


Backtrace: 0x40375826:0x3fc99fa0 0x40379a81:0x3fc99fc0 0x4037c4de:0x3fc99fe0 0x4037b107:0x3fc9a060 0x4037c62c:0x3fc9a080 0x4037c622:0x3fc9a0b0 0x420084cb:0x00000001 |<-CORRUPTED




ELF file SHA256: f864264e635d0f9a

Rebooting...
ESP-ROM:esp32s3-20210327
Build:Mar 27 2021
rst:0x3 (RTC_SW_SYS_RST),boot:0x8 (SPI_FAST_FLASH_BOOT)
Saved PC:0x403756a8
SPIWP:0xee
mode:DIO, clock div:1
load:0x3fce3818,len:0x1750
load:0x403c9700,len:0x4
load:0x403c9704,len:0xc00
load:0x403cc700,len:0x2e04
entry 0x403c9908
[0;32mI (26) boot: ESP-IDF v5.1.2 2nd stage bootloader[0m
[0;32mI (26) boot: compile time Aug  5 2025 11:42:05[0m
[0;32mI (26) boot: Multicore bootloader[0m
[0;32mI (29) boot: chip revision: v0.2[0m
[0;32mI (33) boot.esp32s3: Boot SPI Speed : 80MHz[0m
[0;32mI (38) boot.esp32s3: SPI Mode       : DIO[0m
[0;32mI (42) boot.esp32s3: SPI Flash Size : 2MB[0m
[0;32mI (47) boot: Enabling RNG early entropy source...[0m
[0;32mI (53) boot: Partition Table:[0m
[0;32mI (56) boot: ## Label            Usage          Type ST Offset   Length[0m
[0;32mI (64) boot:  0 nvs              WiFi data        01 02 00009000 00006000[0m
[0;32mI (71) boot:  1 phy_init         RF data          01 01 0000f000 00001000[0m
[0;32mI (78) boot:  2 factory          factory app      00 00 00010000 00100000[0m
[0;32mI (86) boot: End of partition table[0m
[0;32mI (90) esp_image: segment 0: paddr=00010020 vaddr=3c020020 size=0a2f0h ( 41712) map[0m
[0;32mI (106) esp_image: segment 1: paddr=0001a318 vaddr=3fc91c00 size=0287ch ( 10364) load[0m
[0;32mI (109) esp_image: segment 2: paddr=0001cb9c vaddr=40374000 size=0347ch ( 13436) load[0m
[0;32mI (118) esp_image: segment 3: paddr=00020020 vaddr=42000020 size=18630h ( 99888) map[0m
[0;32mI (142) esp_image: segment 4: paddr=00038658 vaddr=4037747c size=0a6ech ( 42732) load[0m
[0;32mI (157) boot: Loaded app from partition at offset 0x10000[0m
[0;32mI (158) boot: Disabling RNG early entropy source...[0m
[0;32mI (169) cpu_start: Multicore app[0m
[0;32mI (169) cpu_start: Pro cpu up.[0m
[0;32mI (169) cpu_start: Starting app cpu, entry point is 0x403752dc[0m
[0;32mI (0) cpu_start: App cpu up.[0m
[0;32mI (187) cpu_start: Pro cpu start user code[0m
[0;32mI (188) cpu_start: cpu freq: 160000000 Hz[0m
[0;32mI (188) cpu_start: Application information:[0m
[0;32mI (191) cpu_start: Project name:     rtos_timer[0m
[0;32mI (196) cpu_start: App version:      ad40c02[0m
[0;32mI (201) cpu_start: Compile time:     Aug  5 2025 11:42:00[0m
[0;32mI (207) cpu_start: ELF file SHA256:  f864264e635d0f9a...[0m
[0;32mI (213) cpu_start: ESP-IDF:          v5.1.2[0m
[0;32mI (218) cpu_start: Min chip rev:     v0.0[0m
[0;32mI (222) cpu_start: Max chip rev:     v0.99 [0m
[0;32mI (227) cpu_start: Chip rev:         v0.2[0m
[0;32mI (232) heap_init: Initializing. RAM available for dynamic allocation:[0m
[0;32mI (239) heap_init: At 3FC94E08 len 00054908 (338 KiB): DRAM[0m
[0;32mI (245) heap_init: At 3FCE9710 len 00005724 (21 KiB): STACK/DRAM[0m
[0;32mI (252) heap_init: At 3FCF0000 len 00008000 (32 KiB): DRAM[0m
[0;32mI (258) heap_init: At 600FE010 len 00001FD8 (7 KiB): RTCRAM[0m
[0;32mI (265) spi_flash: detected chip: boya[0m
[0;32mI (269) spi_flash: flash io: dio[0m
[0;33mW (273) spi_flash: Detected size(16384k) larger than the size in the binary image header(2048k). Using the size in the binary image header.[0m
[0;32mI (286) sleep: Configure to isolate all GPIO pins in sleep state[0m
[0;32mI (293) sleep: Enable automatic switching of GPIO sleep configuration[0m
[0;32mI (300) app_start: Starting scheduler on CPU0[0m
[0;32mI (305) app_start: Starting scheduler on CPU1[0m
[0;32mI (305) main_task: Started on CPU0[0m
[0;32mI (315) main_task: Calling app_main()[0m
[0;32mI (315) gpio: GPIO[2]| InputEn: 0| OutputEn: 1| OpenDrain: 0| Pullup: 0| Pulldown: 0| Intr:0 [0m
[0;32mI (325) LED_TIMER: Creating Timer.....[0m
[0;32mI (335) LED_TIMER: Starting Timer.... [0m
[0;32mI (335) main_task: Returned from app_main()[0m
[0;32mI (835) LED_TIMER: Timer fired. LED is now OFF[0m

***ERROR*** A stack overflow in task Tmr Svc has been detected.


Backtrace: 0x40375826:0x3fc99fa0 0x40379a81:0x3fc99fc0 0x4037c4de:0x3fc99fe0 0x4037b107:0x3fc9a060 0x4037c62c:0x3fc9a080 0x4037c622:0x3fc9a0b0 0x420084cb:0x00000001 |<-CORRUPTED




ELF file SHA256: f864264e635d0f9a

Rebooting...
ESP-ROM:esp32s3-20210327
Build:Mar 27 2021
rst:0x3 (RTC_SW_SYS_RST),boot:0x8 (SPI_FAST_FLASH_BOOT)
Saved PC:0x403756a8
SPIWP:0xee
mode:DIO, clock div:1
load:0x3fce3818,len:0x1750
load:0x403c9700,len:0x4
load:0x403c9704,len:0xc00
load:0x403cc700,len:0x2e04
entry 0x403c9908
[0;32mI (26) boot: ESP-IDF v5.1.2 2nd stage bootloader[0m
[0;32mI (26) boot: compile time Aug  5 2025 11:42:05[0m
[0;32mI (26) boot: Multicore bootloader[0m
[0;32mI (29) boot: chip revision: v0.2[0m
[0;32mI (33) boot.esp32s3: Boot SPI Speed : 80MHz[0m
[0;32mI (38) boot.esp32s3: SPI Mode       : DIO[0m
[0;32mI (42) boot.esp32s3: SPI Flash Size : 2MB[0m
[0;32mI (47) boot: Enabling RNG early entropy source...[0m
[0;32mI (53) boot: Partition Table:[0m
[0;32mI (56) boot: ## Label            Usage          Type ST Offset   Length[0m
[0;32mI (64) boot:  0 nvs              WiFi data        01 02 00009000 00006000[0m
[0;32mI (71) boot:  1 phy_init         RF data          01 01 0000f000 00001000[0m
[0;32mI (78) boot:  2 factory          factory app      00 00 00010000 00100000[0m
[0;32mI (86) boot: End of partition table[0m
[0;32mI (90) esp_image: segment 0: paddr=00010020 vaddr=3c020020 size=0a2f0h ( 41712) map[0m
[0;32mI (106) esp_image: segment 1: paddr=0001a318 vaddr=3fc91c00 size=0287ch ( 10364) load[0m
[0;32mI (109) esp_image: segment 2: paddr=0001cb9c vaddr=40374000 size=0347ch ( 13436) load[0m
[0;32mI (118) esp_image: segment 3: paddr=00020020 vaddr=42000020 size=18630h ( 99888) map[0m
[0;32mI (142) esp_image: segment 4: paddr=00038658 vaddr=4037747c size=0a6ech ( 42732) load[0m
[0;32mI (157) boot: Loaded app from partition at offset 0x10000[0m
[0;32mI (158) boot: Disabling RNG early entropy source...[0m
[0;32mI (169) cpu_start: Multicore app[0m
[0;32mI (169) cpu_start: Pro cpu up.[0m
[0;32mI (169) cpu_start: Starting app cpu, entry point is 0x403752dc[0m
[0;32mI (0) cpu_start: App cpu up.[0m
[0;32mI (187) cpu_start: Pro cpu start user code[0m
[0;32mI (188) cpu_start: cpu freq: 160000000 Hz[0m
[0;32mI (188) cpu_start: Application information:[0m
[0;32mI (191) cpu_start: Project name:     rtos_timer[0m
[0;32mI (196) cpu_start: App version:      ad40c02[0m
[0;32mI (201) cpu_start: Compile time:     Aug  5 2025 11:42:00[0m
[0;32mI (207) cpu_start: ELF file SHA256:  f864264e635d0f9a...[0m
[0;32mI (213) cpu_start: ESP-IDF:          v5.1.2[0m
[0;32mI (218) cpu_start: Min chip rev:     v0.0[0m
[0;32mI (222) cpu_start: Max chip rev:     v0.99 [0m
[0;32mI (227) cpu_start: Chip rev:         v0.2[0m
[0;32mI (232) heap_init: Initializing. RAM available for dynamic allocation:[0m
[0;32mI (239) heap_init: At 3FC94E08 len 00054908 (338 KiB): DRAM[0m
[0;32mI (245) heap_init: At 3FCE9710 len 00005724 (21 KiB): STACK/DRAM[0m
[0;32mI (252) heap_init: At 3FCF0000 len 00008000 (32 KiB): DRAM[0m
[0;32mI (258) heap_init: At 600FE010 len 00001FD8 (7 KiB): RTCRAM[0m
[0;32mI (265) spi_flash: detected chip: boya[0m
[0;32mI (269) spi_flash: flash io: dio[0m
[0;33mW (273) spi_flash: Detected size(16384k) larger than the size in the binary image header(2048k). Using the size in the binary image header.[0m
[0;32mI (286) sleep: Configure to isolate all GPIO pins in sleep state[0m
[0;32mI (293) sleep: Enable automatic switching of GPIO sleep configuration[0m
[0;32mI (300) app_start: Starting scheduler on CPU0[0m
[0;32mI (305) app_start: Starting scheduler on CPU1[0m
[0;32mI (305) main_task: Started on CPU0[0m
[0;32mI (315) main_task: Calling app_main()[0m
[0;32mI (315) gpio: GPIO[2]| InputEn: 0| OutputEn: 1| OpenDrain: 0| Pullup: 0| Pulldown: 0| Intr:0 [0m
[0;32mI (325) LED_TIMER: Creating Timer.....[0m
[0;32mI (335) LED_TIMER: Starting Timer.... [0m
[0;32mI (335) main_task: Returned from app_main()[0m
[0;32mI (835) LED_TIMER: Timer fired. LED is now OFF[0m

***ERROR*** A stack overflow in task Tmr Svc has been detected.


Backtrace: 0x40375826:0x3fc99fa0 0x40379a81:0x3fc99fc0 0x4037c4de:0x3fc99fe0 0x4037b107:0x3fc9a060 0x4037c62c:0x3fc9a080 0x4037c622:0x3fc9a0b0 0x420084cb:0x00000001 |<-CORRUPTED




ELF file SHA256: f864264e635d0f9a

Rebooting...
ESP-ROM:esp32s3-20210327
Build:Mar 27 2021
rst:0x3 (RTC_SW_SYS_RST),boot:0x8 (SPI_FAST_FLASH_BOOT)
Saved PC:0x403756a8
SPIWP:0xee
mode:DIO, clock div:1
load:0x3fce3818,len:0x1750
load:0x403c9700,len:0x4
load:0x403c9704,len:0xc00
load:0x403cc700,len:0x2e04
entry 0x403c9908
[0;32mI (26) boot: ESP-IDF v5.1.2 2nd stage bootloader[0m
[0;32mI (26) boot: compile time Aug  5 2025 11:42:05[0m
[0;32mI (26) boot: Multicore bootloader[0m
[0;32mI (29) boot: chip revision: v0.2[0m
[0;32mI (33) boot.esp32s3: Boot SPI Speed : 80MHz[0m
[0;32mI (38) boot.esp32s3: SPI Mode       : DIO[0m
[0;32mI (42) boot.esp32s3: SPI Flash Size : 2MB[0m
[0;32mI (47) boot: Enabling RNG early entropy source...[0m
[0;32mI (53) boot: Partition Table:[0m
[0;32mI (56) boot: ## Label            Usage          Type ST Offset   Length[0m
[0;32mI (64) boot:  0 nvs              WiFi data        01 02 00009000 00006000[0m
[0;32mI (71) boot:  1 phy_init         RF data          01 01 0000f000 00001000[0m
[0;32mI (78) boot:  2 factory          factory app      00 00 00010000 00100000[0m
[0;32mI (86) boot: End of partition table[0m
[0;32mI (90) esp_image: segment 0: paddr=00010020 vaddr=3c020020 size=0a2f0h ( 41712) map[0m
[0;32mI (106) esp_image: segment 1: paddr=0001a318 vaddr=3fc91c00 size=0287ch ( 10364) load[0m
[0;32mI (109) esp_image: segment 2: paddr=0001cb9c vaddr=40374000 size=0347ch ( 13436) load[0m
[0;32mI (118) esp_image: segment 3: paddr=00020020 vaddr=42000020 size=18630h ( 99888) map[0m
[0;32mI (142) esp_image: segment 4: paddr=00038658 vaddr=4037747c size=0a6ech ( 42732) load[0m
[0;32mI (157) boot: Loaded app from partition at offset 0x10000[0m
[0;32mI (158) boot: Disabling RNG early entropy source...[0m
[0;32mI (169) cpu_start: Multicore app[0m
[0;32mI (169) cpu_start: Pro cpu up.[0m
[0;32mI (169) cpu_start: Starting app cpu, entry point is 0x403752dc[0m
[0;32mI (0) cpu_start: App cpu up.[0m
[0;32mI (187) cpu_start: Pro cpu start user code[0m
[0;32mI (188) cpu_start: cpu freq: 160000000 Hz[0m
[0;32mI (188) cpu_start: Application information:[0m
[0;32mI (191) cpu_start: Project name:     rtos_timer[0m
[0;32mI (196) cpu_start: App version:      ad40c02[0m
[0;32mI (201) cpu_start: Compile time:     Aug  5 2025 11:42:00[0m
[0;32mI (207) cpu_start: ELF file SHA256:  f864264e635d0f9a...[0m
[0;32mI (213) cpu_start: ESP-IDF:          v5.1.2[0m
[0;32mI (218) cpu_start: Min chip rev:     v0.0[0m
[0;32mI (222) cpu_start: Max chip rev:     v0.99 [0m
[0;32mI (227) cpu_start: Chip rev:         v0.2[0m
[0;32mI (232) heap_init: Initializing. RAM available for dynamic allocation:[0m
[0;32mI (239) heap_init: At 3FC94E08 len 00054908 (338 KiB): DRAM[0m
[0;32mI (245) heap_init: At 3FCE9710 len 00005724 (21 KiB): STACK/DRAM[0m
[0;32mI (252) heap_init: At 3FCF0000 len 00008000 (32 KiB): DRAM[0m
[0;32mI (258) heap_init: At 600FE010 len 00001FD8 (7 KiB): RTCRAM[0m
[0;32mI (265) spi_flash: detected chip: boya[0m
[0;32mI (269) spi_flash: flash io: dio[0m
[0;33mW (273) spi_flash: Detected size(16384k) larger than the size in the binary image header(2048k). Using the size in the binary image header.[0m
[0;32mI (286) sleep: Configure to isolate all GPIO pins in sleep state[0m
[0;32mI (293) sleep: Enable automatic switching of GPIO sleep configuration[0m
[0;32mI (300) app_start: Starting scheduler on CPU0[0m
[0;32mI (305) app_start: Starting scheduler on CPU1[0m
[0;32mI (305) main_task: Started on CPU0[0m
[0;32mI (315) main_task: Calling app_main()[0m
[0;32mI (315) gpio: GPIO[2]| InputEn: 0| OutputEn: 1| OpenDrain: 0| Pullup: 0| Pulldown: 0| Intr:0 [0m
[0;32mI (325) LED_TIMER: Creating Timer.....[0m
[0;32mI (335) LED_TIMER: Starting Timer.... [0m
[0;32mI (335) main_task: Returned from app_main()[0m
[0;32mI (835) LED_TIMER: Timer fired. LED is now OFF[0m

***ERROR*** A stack overflow in task Tmr Svc has been detected.


Backtrace: 0x40375826:0x3fc99fa0 0x40379a81:0x3fc99fc0 0x4037c4de:0x3fc99fe0 0x4037b107:0x3fc9a060 0x4037c62c:0x3fc9a080 0x4037c622:0x3fc9a0b0 0x420084cb:0x00000001 |<-CORRUPTED




ELF file SHA256: f864264e635d0f9a

Rebooting...
ESP-ROM:esp32s3-20210327
Build:Mar 27 2021
rst:0x3 (RTC_SW_SYS_RST),boot:0x8 (SPI_FAST_FLASH_BOOT)
Saved PC:0x403756a8
SPIWP:0xee
mode:DIO, clock div:1
load:0x3fce3818,len:0x1750
load:0x403c9700,len:0x4
load:0x403c9704,len:0xc00
load:0x403cc700,len:0x2e04
entry 0x403c9908
[0;32mI (26) boot: ESP-IDF v5.1.2 2nd stage bootloader[0m
[0;32mI (26) boot: compile time Aug  5 2025 11:42:05[0m
[0;32mI (26) boot: Multicore bootloader[0m
[0;32mI (29) boot: chip revision: v0.2[0m
[0;32mI (33) boot.esp32s3: Boot SPI Speed : 80MHz[0m
[0;32mI (38) boot.esp32s3: SPI Mode       : DIO[0m
[0;32mI (42) boot.esp32s3: SPI Flash Size : 2MB[0m
[0;32mI (47) boot: Enabling RNG early entropy source...[0m
[0;32mI (53) boot: Partition Table:[0m
[0;32mI (56) boot: ## Label            Usage          Type ST Offset   Length[0m
[0;32mI (64) boot:  0 nvs              WiFi data        01 02 00009000 00006000[0m
[0;32mI (71) boot:  1 phy_init         RF data          01 01 0000f000 00001000[0m
[0;32mI (78) boot:  2 factory          factory app      00 00 00010000 00100000[0m
[0;32mI (86) boot: End of partition table[0m
[0;32mI (90) esp_image: segment 0: paddr=00010020 vaddr=3c020020 size=0a2f0h ( 41712) map[0m
[0;32mI (106) esp_image: segment 1: paddr=0001a318 vaddr=3fc91c00 size=0287ch ( 10364) load[0m
[0;32mI (109) esp_image: segment 2: paddr=0001cb9c vaddr=40374000 size=0347ch ( 13436) load[0m
[0;32mI (118) esp_image: segment 3: paddr=00020020 vaddr=42000020 size=18630h ( 99888) map[0m
[0;32mI (142) esp_image: segment 4: paddr=00038658 vaddr=4037747c size=0a6ech ( 42732) load[0m
[0;32mI (157) boot: Loaded app from partition at offset 0x10000[0m
[0;32mI (158) boot: Disabling RNG early entropy source...[0m
[0;32mI (169) cpu_start: Multicore app[0m
[0;32mI (169) cpu_start: Pro cpu up.[0m
[0;32mI (169) cpu_start: Starting app cpu, entry point is 0x403752dc[0m
[0;32mI (0) cpu_start: App cpu up.[0m
[0;32mI (187) cpu_start: Pro cpu start user code[0m
[0;32mI (188) cpu_start: cpu freq: 160000000 Hz[0m
[0;32mI (188) cpu_start: Application information:[0m
[0;32mI (191) cpu_start: Project name:     rtos_timer[0m
[0;32mI (196) cpu_start: App version:      ad40c02[0m
[0;32mI (201) cpu_start: Compile time:     Aug  5 2025 11:42:00[0m
[0;32mI (207) cpu_start: ELF file SHA256:  f864264e635d0f9a...[0m
[0;32mI (213) cpu_start: ESP-IDF:          v5.1.2[0m
[0;32mI (218) cpu_start: Min chip rev:     v0.0[0m
[0;32mI (222) cpu_start: Max chip rev:     v0.99 [0m
[0;32mI (227) cpu_start: Chip rev:         v0.2[0m
[0;32mI (232) heap_init: Initializing. RAM available for dynamic allocation:[0m
[0;32mI (239) heap_init: At 3FC94E08 len 00054908 (338 KiB): DRAM[0m
[0;32mI (245) heap_init: At 3FCE9710 len 00005724 (21 KiB): STACK/DRAM[0m
[0;32mI (252) heap_init: At 3FCF0000 len 00008000 (32 KiB): DRAM[0m
[0;32mI (258) heap_init: At 600FE010 len 00001FD8 (7 KiB): RTCRAM[0m
[0;32mI (265) spi_flash: detected chip: boya[0m
[0;32mI (269) spi_flash: flash io: dio[0m
[0;33mW (273) spi_flash: Detected size(16384k) larger than the size in the binary image header(2048k). Using the size in the binary image header.[0m
[0;32mI (286) sleep: Configure to isolate all GPIO pins in sleep state[0m
[0;32mI (293) sleep: Enable automatic switching of GPIO sleep configuration[0m
[0;32mI (300) app_start: Starting scheduler on CPU0[0m
[0;32mI (305) app_start: Starting scheduler on CPU1[0m
[0;32mI (305) main_task: Started on CPU0[0m
[0;32mI (315) main_task: Calling app_main()[0m
[0;32mI (315) gpio: GPIO[2]| InputEn: 0| OutputEn: 1| OpenDrain: 0| Pullup: 0| Pulldown: 0| Intr:0 [0m
[0;32mI (325) LED_TIMER: Creating Timer.....[0m
[0;32mI (335) LED_TIMER: Starting Timer.... [0m
[0;32mI (335) main_task: Returned from app_main()[0m
[0;32mI (835) LED_TIMER: Timer fired. LED is now OFF[0m

***ERROR*** A stack overflow in task Tmr Svc has been detected.


Backtrace: 0x40375826:0x3fc99fa0 0x40379a81:0x3fc99fc0 0x4037c4de:0x3fc99fe0 0x4037b107:0x3fc9a060 0x4037c62c:0x3fc9a080 0x4037c622:0x3fc9a0b0 0x420084cb:0x00000001 |<-CORRUPTED




ELF file SHA256: f864264e635d0f9a

Rebooting...
ESP-ROM:esp32s3-20210327
Build:Mar 27 2021
rst:0x3 (RTC_SW_SYS_RST),boot:0x8 (SPI_FAST_FLASH_BOOT)
Saved PC:0x403756a8
SPIWP:0xee
mode:DIO, clock div:1
load:0x3fce3818,len:0x1750
load:0x403c9700,len:0x4
load:0x403c9704,len:0xc00
load:0x403cc700,len:0x2e04
entry 0x403c9908
[0;32mI (26) boot: ESP-IDF v5.1.2 2nd stage bootloader[0m
[0;32mI (26) boot: compile time Aug  5 2025 11:42:05[0m
[0;32mI (26) boot: Multicore bootloader[0m
[0;32mI (29) boot: chip revision: v0.2[0m
[0;32mI (33) boot.esp32s3: Boot SPI Speed : 80MHz[0m
[0;32mI (38) boot.esp32s3: SPI Mode       : DIO[0m
[0;32mI (42) boot.esp32s3: SPI Flash Size : 2MB[0m
[0;32mI (47) boot: Enabling RNG early entropy source...[0m
[0;32mI (53) boot: Partition Table:[0m
[0;32mI (56) boot: ## Label            Usage          Type ST Offset   Length[0m
[0;32mI (64) boot:  0 nvs              WiFi data        01 02 00009000 00006000[0m
[0;32mI (71) boot:  1 phy_init         RF data          01 01 0000f000 00001000[0m
[0;32mI (78) boot:  2 factory          factory app      00 00 00010000 00100000[0m
[0;32mI (86) boot: End of partition table[0m
[0;32mI (90) esp_image: segment 0: paddr=00010020 vaddr=3c020020 size=0a2f0h ( 41712) map[0m
[0;32mI (106) esp_image: segment 1: paddr=0001a318 vaddr=3fc91c00 size=0287ch ( 10364) load[0m
[0;32mI (109) esp_image: segment 2: paddr=0001cb9c vaddr=40374000 size=0347ch ( 13436) load[0m
[0;32mI (118) esp_image: segment 3: paddr=00020020 vaddr=42000020 size=18630h ( 99888) map[0m
[0;32mI (142) esp_image: segment 4: paddr=00038658 vaddr=4037747c size=0a6ech ( 42732) load[0m
[0;32mI (157) boot: Loaded app from partition at offset 0x10000[0m
[0;32mI (158) boot: Disabling RNG early entropy source...[0m
[0;32mI (169) cpu_start: Multicore app[0m
[0;32mI (169) cpu_start: Pro cpu up.[0m
[0;32mI (169) cpu_start: Starting app cpu, entry point is 0x403752dc[0m
[0;32mI (0) cpu_start: App cpu up.[0m
[0;32mI (187) cpu_start: Pro cpu start user code[0m
[0;32mI (188) cpu_start: cpu freq: 160000000 Hz[0m
[0;32mI (188) cpu_start: Application information:[0m
[0;32mI (191) cpu_start: Project name:     rtos_timer[0m
[0;32mI (196) cpu_start: App version:      ad40c02[0m
[0;32mI (201) cpu_start: Compile time:     Aug  5 2025 11:42:00[0m
[0;32mI (207) cpu_start: ELF file SHA256:  f864264e635d0f9a...[0m
[0;32mI (213) cpu_start: ESP-IDF:          v5.1.2[0m
[0;32mI (218) cpu_start: Min chip rev:     v0.0[0m
[0;32mI (222) cpu_start: Max chip rev:     v0.99 [0m
[0;32mI (227) cpu_start: Chip rev:         v0.2[0m
[0;32mI (232) heap_init: Initializing. RAM available for dynamic allocation:[0m
[0;32mI (239) heap_init: At 3FC94E08 len 00054908 (338 KiB): DRAM[0m
[0;32mI (245) heap_init: At 3FCE9710 len 00005724 (21 KiB): STACK/DRAM[0m
[0;32mI (252) heap_init: At 3FCF0000 len 00008000 (32 KiB): DRAM[0m
[0;32mI (258) heap_init: At 600FE010 len 00001FD8 (7 KiB): RTCRAM[0m
[0;32mI (265) spi_flash: detected chip: boya[0m
[0;32mI (269) spi_flash: flash io: dio[0m
[0;33mW (273) spi_flash: Detected size(16384k) larger than the size in the binary image header(2048k). Using the size in the binary image header.[0m
[0;32mI (286) sleep: Configure to isolate all GPIO pins in sleep state[0m
[0;32mI (293) sleep: Enable automatic switching of GPIO sleep configuration[0m
[0;32mI (300) app_start: Starting scheduler on CPU0[0m
[0;32mI (305) app_start: Starting scheduler on CPU1[0m
[0;32mI (305) main_task: Started on CPU0[0m
[0;32mI (315) main_task: Calling app_main()[0m
[0;32mI (315) gpio: GPIO[2]| InputEn: 0| OutputEn: 1| OpenDrain: 0| Pullup: 0| Pulldown: 0| Intr:0 [0m
[0;32mI (325) LED_TIMER: Creating Timer.....[0m
[0;32mI (335) LED_TIMER: Starting Timer.... [0m
[0;32mI (335) main_task: Returned from app_main()[0m
[0;32mI (835) LED_TIMER: Timer fired. LED is now OFF[0m

***ERROR*** A stack overflow in task Tmr Svc has been detected.


Backtrace: 0x40375826:0x3fc99fa0 0x40379a81:0x3fc99fc0 0x4037c4de:0x3fc99fe0 0x4037b107:0x3fc9a060 0x4037c62c:0x3fc9a080 0x4037c622:0x3fc9a0b0 0x420084cb:0x00000001 |<-CORRUPTED




ELF file SHA256: f864264e635d0f9a

Rebooting...
ESP-ROM:esp32s3-20210327
Build:Mar 27 2021
rst:0x3 (RTC_SW_SYS_RST),boot:0x8 (SPI_FAST_FLASH_BOOT)
Saved PC:0x403756a8
SPIWP:0xee
mode:DIO, clock div:1
load:0x3fce3818,len:0x1750
load:0x403c9700,len:0x4
load:0x403c9704,len:0xc00
load:0x403cc700,len:0x2e04
entry 0x403c9908
[0;32mI (26) boot: ESP-IDF v5.1.2 2nd stage bootloader[0m
[0;32mI (26) boot: compile time Aug  5 2025 11:42:05[0m
[0;32mI (26) boot: Multicore bootloader[0m
[0;32mI (29) boot: chip revision: v0.2[0m
[0;32mI (33) boot.esp32s3: Boot SPI Speed : 80MHz[0m
[0;32mI (38) boot.esp32s3: SPI Mode       : DIO[0m
[0;32mI (42) boot.esp32s3: SPI Flash Size : 2MB[0m
[0;32mI (47) boot: Enabling RNG early entropy source...[0m
[0;32mI (53) boot: Partition Table:[0m
[0;32mI (56) boot: ## Label            Usage          Type ST Offset   Length[0m
[0;32mI (64) boot:  0 nvs              WiFi data        01 02 00009000 00006000[0m
[0;32mI (71) boot:  1 phy_init         RF data          01 01 0000f000 00001000[0m
[0;32mI (78) boot:  2 factory          factory app      00 00 00010000 00100000[0m
[0;32mI (86) boot: End of partition table[0m
[0;32mI (90) esp_image: segment 0: paddr=00010020 vaddr=3c020020 size=0a2f0h ( 41712) map[0m
[0;32mI (106) esp_image: segment 1: paddr=0001a318 vaddr=3fc91c00 size=0287ch ( 10364) load[0m
[0;32mI (109) esp_image: segment 2: paddr=0001cb9c vaddr=40374000 size=0347ch ( 13436) load[0m
[0;32mI (118) esp_image: segment 3: paddr=00020020 vaddr=42000020 size=18630h ( 99888) map[0m
[0;32mI (142) esp_image: segment 4: paddr=00038658 vaddr=4037747c size=0a6ech ( 42732) load[0m
[0;32mI (157) boot: Loaded app from partition at offset 0x10000[0m
[0;32mI (158) boot: Disabling RNG early entropy source...[0m
[0;32mI (169) cpu_start: Multicore app[0m
[0;32mI (169) cpu_start: Pro cpu up.[0m
[0;32mI (169) cpu_start: Starting app cpu, entry point is 0x403752dc[0m
[0;32mI (0) cpu_start: App cpu up.[0m
[0;32mI (187) cpu_start: Pro cpu start user code[0m
[0;32mI (188) cpu_start: cpu freq: 160000000 Hz[0m
[0;32mI (188) cpu_start: Application information:[0m
[0;32mI (191) cpu_start: Project name:     rtos_timer[0m
[0;32mI (196) cpu_start: App version:      ad40c02[0m
[0;32mI (201) cpu_start: Compile time:     Aug  5 2025 11:42:00[0m
[0;32mI (207) cpu_start: ELF file SHA256:  f864264e635d0f9a...[0m
[0;32mI (213) cpu_start: ESP-IDF:          v5.1.2[0m
[0;32mI (218) cpu_start: Min chip rev:     v0.0[0m
[0;32mI (222) cpu_start: Max chip rev:     v0.99 [0m
[0;32mI (227) cpu_start: Chip rev:         v0.2[0m
[0;32mI (232) heap_init: Initializing. RAM available for dynamic allocation:[0m
[0;32mI (239) heap_init: At 3FC94E08 len 00054908 (338 KiB): DRAM[0m
[0;32mI (245) heap_init: At 3FCE9710 len 00005724 (21 KiB): STACK/DRAM[0m
[0;32mI (252) heap_init: At 3FCF0000 len 00008000 (32 KiB): DRAM[0m
[0;32mI (258) heap_init: At 600FE010 len 00001FD8 (7 KiB): RTCRAM[0m
[0;32mI (265) spi_flash: detected chip: boya[0m
[0;32mI (269) spi_flash: flash io: dio[0m
[0;33mW (273) spi_flash: Detected size(16384k) larger than the size in the binary image header(2048k). Using the size in the binary image header.[0m
[0;32mI (286) sleep: Configure to isolate all GPIO pins in sleep state[0m
[0;32mI (293) sleep: Enable automatic switching of GPIO sleep configuration[0m
[0;32mI (300) app_start: Starting scheduler on CPU0[0m
[0;32mI (305) app_start: Starting scheduler on CPU1[0m
[0;32mI (305) main_task: Started on CPU0[0m
[0;32mI (315) main_task: Calling app_main()[0m
[0;32mI (315) gpio: GPIO[2]| InputEn: 0| OutputEn: 1| OpenDrain: 0| Pullup: 0| Pulldown: 0| Intr:0 [0m
[0;32mI (325) LED_TIMER: Creating Timer.....[0m
[0;32mI (335) LED_TIMER: Starting Timer.... [0m
[0;32mI (335) main_task: Returned from app_main()[0m
[0;32mI (835) LED_TIMER: Timer fired. LED is now OFF[0m

***ERROR*** A stack overflow in task Tmr Svc has been detected.


Backtrace: 0x40375826:0x3fc99fa0 0x40379a81:0x3fc99fc0 0x4037c4de:0x3fc99fe0 0x4037b107:0x3fc9a060 0x4037c62c:0x3fc9a080 0x4037c622:0x3fc9a0b0 0x420084cb:0x00000001 |<-CORRUPTED




ELF file SHA256: f864264e635d0f9a

Rebooting...
ESP-ROM:esp32s3-20210327
Build:Mar 27 2021
rst:0x3 (RTC_SW_SYS_RST),boot:0x8 (SPI_FAST_FLASH_BOOT)
Saved PC:0x403756a8
SPIWP:0xee
mode:DIO, clock div:1
load:0x3fce3818,len:0x1750
load:0x403c9700,len:0x4
load:0x403c9704,len:0xc00
load:0x403cc700,len:0x2e04
entry 0x403c9908
[0;32mI (26) boot: ESP-IDF v5.1.2 2nd stage bootloader[0m
[0;32mI (26) boot: compile time Aug  5 2025 11:42:05[0m
[0;32mI (26) boot: Multicore bootloader[0m
[0;32mI (29) boot: chip revision: v0.2[0m
[0;32mI (33) boot.esp32s3: Boot SPI Speed : 80MHz[0m
[0;32mI (38) boot.esp32s3: SPI Mode       : DIO[0m
[0;32mI (42) boot.esp32s3: SPI Flash Size : 2MB[0m
[0;32mI (47) boot: Enabling RNG early entropy source...[0m
[0;32mI (53) boot: Partition Table:[0m
[0;32mI (56) boot: ## Label            Usage          Type ST Offset   Length[0m
[0;32mI (64) boot:  0 nvs              WiFi data        01 02 00009000 00006000[0m
[0;32mI (71) boot:  1 phy_init         RF data          01 01 0000f000 00001000[0m
[0;32mI (78) boot:  2 factory          factory app      00 00 00010000 00100000[0m
[0;32mI (86) boot: End of partition table[0m
[0;32mI (90) esp_image: segment 0: paddr=00010020 vaddr=3c020020 size=0a2f0h ( 41712) map[0m
[0;32mI (106) esp_image: segment 1: paddr=0001a318 vaddr=3fc91c00 size=0287ch ( 10364) load[0m
[0;32mI (109) esp_image: segment 2: paddr=0001cb9c vaddr=40374000 size=0347ch ( 13436) load[0m
[0;32mI (118) esp_image: segment 3: paddr=00020020 vaddr=42000020 size=18630h ( 99888) map[0m
[0;32mI (142) esp_image: segment 4: paddr=00038658 vaddr=4037747c size=0a6ech ( 42732) load[0m
[0;32mI (157) boot: Loaded app from partition at offset 0x10000[0m
[0;32mI (158) boot: Disabling RNG early entropy source...[0m
[0;32mI (169) cpu_start: Multicore app[0m
[0;32mI (169) cpu_start: Pro cpu up.[0m
[0;32mI (169) cpu_start: Starting app cpu, entry point is 0x403752dc[0m
[0;32mI (0) cpu_start: App cpu up.[0m
[0;32mI (187) cpu_start: Pro cpu start user code[0m
[0;32mI (188) cpu_start: cpu freq: 160000000 Hz[0m
[0;32mI (188) cpu_start: Application information:[0m
[0;32mI (191) cpu_start: Project name:     rtos_timer[0m
[0;32mI (196) cpu_start: App version:      ad40c02[0m
[0;32mI (201) cpu_start: Compile time:     Aug  5 2025 11:42:00[0m
[0;32mI (207) cpu_start: ELF file SHA256:  f864264e635d0f9a...[0m
[0;32mI (213) cpu_start: ESP-IDF:          v5.1.2[0m
[0;32mI (218) cpu_start: Min chip rev:     v0.0[0m
[0;32mI (222) cpu_start: Max chip rev:     v0.99 [0m
[0;32mI (227) cpu_start: Chip rev:         v0.2[0m
[0;32mI (232) heap_init: Initializing. RAM available for dynamic allocation:[0m
[0;32mI (239) heap_init: At 3FC94E08 len 00054908 (338 KiB): DRAM[0m
[0;32mI (245) heap_init: At 3FCE9710 len 00005724 (21 KiB): STACK/DRAM[0m
[0;32mI (252) heap_init: At 3FCF0000 len 00008000 (32 KiB): DRAM[0m
[0;32mI (258) heap_init: At 600FE010 len 00001FD8 (7 KiB): RTCRAM[0m
[0;32mI (265) spi_flash: detected chip: boya[0m
[0;32mI (269) spi_flash: flash io: dio[0m
[0;33mW (273) spi_flash: Detected size(16384k) larger than the size in the binary image header(2048k). Using the size in the binary image header.[0m
[0;32mI (286) sleep: Configure to isolate all GPIO pins in sleep state[0m
[0;32mI (293) sleep: Enable automatic switching of GPIO sleep configuration[0m
[0;32mI (300) app_start: Starting scheduler on CPU0[0m
[0;32mI (305) app_start: Starting scheduler on CPU1[0m
[0;32mI (305) main_task: Started on CPU0[0m
[0;32mI (315) main_task: Calling app_main()[0m
[0;32mI (315) gpio: GPIO[2]| InputEn: 0| OutputEn: 1| OpenDrain: 0| Pullup: 0| Pulldown: 0| Intr:0 [0m
[0;32mI (325) LED_TIMER: Creating Timer.....[0m
[0;32mI (335) LED_TIMER: Starting Timer.... [0m
[0;32mI (335) main_task: Returned from app_main()[0m
[0;32mI (835) LED_TIMER: Timer fired. LED is now OFF[0m

***ERROR*** A stack overflow in task Tmr Svc has been detected.


Backtrace: 0x40375826:0x3fc99fa0 0x40379a81:0x3fc99fc0 0x4037c4de:0x3fc99fe0 0x4037b107:0x3fc9a060 0x4037c62c:0x3fc9a080 0x4037c622:0x3fc9a0b0 0x420084cb:0x00000001 |<-CORRUPTED




ELF file SHA256: f864264e635d0f9a

Rebooting...
ESP-ROM:esp32s3-20210327
Build:Mar 27 2021
rst:0x3 (RTC_SW_SYS_RST),boot:0x8 (SPI_FAST_FLASH_BOOT)
Saved PC:0x403756a8
SPIWP:0xee
mode:DIO, clock div:1
load:0x3fce3818,len:0x1750
load:0x403c9700,len:0x4
load:0x403c9704,len:0xc00
load:0x403cc700,len:0x2e04
entry 0x403c9908
[0;32mI (26) boot: ESP-IDF v5.1.2 2nd stage bootloader[0m
[0;32mI (26) boot: compile time Aug  5 2025 11:42:05[0m
[0;32mI (26) boot: Multicore bootloader[0m
[0;32mI (29) boot: chip revision: v0.2[0m
[0;32mI (33) boot.esp32s3: Boot SPI Speed : 80MHz[0m
[0;32mI (38) boot.esp32s3: SPI Mode       : DIO[0m
[0;32mI (42) boot.esp32s3: SPI Flash Size : 2MB[0m
[0;32mI (47) boot: Enabling RNG early entropy source...[0m
[0;32mI (53) boot: Partition Table:[0m
[0;32mI (56) boot: ## Label            Usage          Type ST Offset   Length[0m
[0;32mI (64) boot:  0 nvs              WiFi data        01 02 00009000 00006000[0m
[0;32mI (71) boot:  1 phy_init         RF data          01 01 0000f000 00001000[0m
[0;32mI (78) boot:  2 factory          factory app      00 00 00010000 00100000[0m
[0;32mI (86) boot: End of partition table[0m
[0;32mI (90) esp_image: segment 0: paddr=00010020 vaddr=3c020020 size=0a2f0h ( 41712) map[0m
[0;32mI (106) esp_image: segment 1: paddr=0001a318 vaddr=3fc91c00 size=0287ch ( 10364) load[0m
[0;32mI (109) esp_image: segment 2: paddr=0001cb9c vaddr=40374000 size=0347ch ( 13436) load[0m
[0;32mI (118) esp_image: segment 3: paddr=00020020 vaddr=42000020 size=18630h ( 99888) map[0m
[0;32mI (142) esp_image: segment 4: paddr=00038658 vaddr=4037747c size=0a6ech ( 42732) load[0m
[0;32mI (157) boot: Loaded app from partition at offset 0x10000[0m
[0;32mI (158) boot: Disabling RNG early entropy source...[0m
[0;32mI (169) cpu_start: Multicore app[0m
[0;32mI (169) cpu_start: Pro cpu up.[0m
[0;32mI (169) cpu_start: Starting app cpu, entry point is 0x403752dc[0m
[0;32mI (0) cpu_start: App cpu up.[0m
[0;32mI (187) cpu_start: Pro cpu start user code[0m
[0;32mI (188) cpu_start: cpu freq: 160000000 Hz[0m
[0;32mI (188) cpu_start: Application information:[0m
[0;32mI (191) cpu_start: Project name:     rtos_timer[0m
[0;32mI (196) cpu_start: App version:      ad40c02[0m
[0;32mI (201) cpu_start: Compile time:     Aug  5 2025 11:42:00[0m
[0;32mI (207) cpu_start: ELF file SHA256:  f864264e635d0f9a...[0m
[0;32mI (213) cpu_start: ESP-IDF:          v5.1.2[0m
[0;32mI (218) cpu_start: Min chip rev:     v0.0[0m
[0;32mI (222) cpu_start: Max chip rev:     v0.99 [0m
[0;32mI (227) cpu_start: Chip rev:         v0.2[0m
[0;32mI (232) heap_init: Initializing. RAM available for dynamic allocation:[0m
[0;32mI (239) heap_init: At 3FC94E08 len 00054908 (338 KiB): DRAM[0m
[0;32mI (245) heap_init: At 3FCE9710 len 00005724 (21 KiB): STACK/DRAM[0m
[0;32mI (252) heap_init: At 3FCF0000 len 00008000 (32 KiB): DRAM[0m
[0;32mI (258) heap_init: At 600FE010 len 00001FD8 (7 KiB): RTCRAM[0m
[0;32mI (265) spi_flash: detected chip: boya[0m
[0;32mI (269) spi_flash: flash io: dio[0m
[0;33mW (273) spi_flash: Detected size(16384k) larger than the size in the binary image header(2048k). Using the size in the binary image header.[0m
[0;32mI (286) sleep: Configure to isolate all GPIO pins in sleep state[0m
[0;32mI (293) sleep: Enable automatic switching of GPIO sleep configuration[0m
[0;32mI (300) app_start: Starting scheduler on CPU0[0m
[0;32mI (305) app_start: Starting scheduler on CPU1[0m
[0;32mI (305) main_task: Started on CPU0[0m
[0;32mI (315) main_task: Calling app_main()[0m
[0;32mI (315) gpio: GPIO[2]| InputEn: 0| OutputEn: 1| OpenDrain: 0| Pullup: 0| Pulldown: 0| Intr:0 [0m
[0;32mI (325) LED_TIMER: Creating Timer.....[0m
[0;32mI (335) LED_TIMER: Starting Timer.... [0m
[0;32mI (335) main_task: Returned from app_main()[0m
[0;32mI (835) LED_TIMER: Timer fired. LED is now OFF[0m

***ERROR*** A stack overflow in task Tmr Svc has been detected.


Backtrace: 0x40375826:0x3fc99fa0 0x40379a81:0x3fc99fc0 0x4037c4de:0x3fc99fe0 0x4037b107:0x3fc9a060 0x4037c62c:0x3fc9a080 0x4037c622:0x3fc9a0b0 0x420084cb:0x00000001 |<-CORRUPTED




ELF file SHA256: f864264e635d0f9a

Rebooting...
ESP-ROM:esp32s3-20210327
Build:Mar 27 2021
rst:0x3 (RTC_SW_SYS_RST),boot:0x8 (SPI_FAST_FLASH_BOOT)
Saved PC:0x403756a8
SPIWP:0xee
mode:DIO, clock div:1
load:0x3fce3818,len:0x1750
load:0x403c9700,len:0x4
load:0x403c9704,len:0xc00
load:0x403cc700,len:0x2e04
entry 0x403c9908
[0;32mI (26) boot: ESP-IDF v5.1.2 2nd stage bootloader[0m
[0;32mI (26) boot: compile time Aug  5 2025 11:42:05[0m
[0;32mI (26) boot: Multicore bootloader[0m
[0;32mI (29) boot: chip revision: v0.2[0m
[0;32mI (33) boot.esp32s3: Boot SPI Speed : 80MHz[0m
[0;32mI (38) boot.esp32s3: SPI Mode       : DIO[0m
[0;32mI (42) boot.esp32s3: SPI Flash Size : 2MB[0m
[0;32mI (47) boot: Enabling RNG early entropy source...[0m
[0;32mI (53) boot: Partition Table:[0m
[0;32mI (56) boot: ## Label            Usage          Type ST Offset   Length[0m
[0;32mI (64) boot:  0 nvs              WiFi data        01 02 00009000 00006000[0m
[0;32mI (71) boot:  1 phy_init         RF data          01 01 0000f000 00001000[0m
[0;32mI (78) boot:  2 factory          factory app      00 00 00010000 00100000[0m
[0;32mI (86) boot: End of partition table[0m
[0;32mI (90) esp_image: segment 0: paddr=00010020 vaddr=3c020020 size=0a2f0h ( 41712) map[0m
[0;32mI (106) esp_image: segment 1: paddr=0001a318 vaddr=3fc91c00 size=0287ch ( 10364) load[0m
[0;32mI (109) esp_image: segment 2: paddr=0001cb9c vaddr=40374000 size=0347ch ( 13436) load[0m
[0;32mI (118) esp_image: segment 3: paddr=00020020 vaddr=42000020 size=18630h ( 99888) map[0m
[0;32mI (142) esp_image: segment 4: paddr=00038658 vaddr=4037747c size=0a6ech ( 42732) load[0m
[0;32mI (157) boot: Loaded app from partition at offset 0x10000[0m
[0;32mI (158) boot: Disabling RNG early entropy source...[0m
[0;32mI (169) cpu_start: Multicore app[0m
[0;32mI (169) cpu_start: Pro cpu up.[0m
[0;32mI (169) cpu_start: Starting app cpu, entry point is 0x403752dc[0m
[0;32mI (0) cpu_start: App cpu up.[0m
[0;32mI (187) cpu_start: Pro cpu start user code[0m
[0;32mI (188) cpu_start: cpu freq: 160000000 Hz[0m
[0;32mI (188) cpu_start: Application information:[0m
[0;32mI (191) cpu_start: Project name:     rtos_timer[0m
[0;32mI (196) cpu_start: App version:      ad40c02[0m
[0;32mI (201) cpu_start: Compile time:     Aug  5 2025 11:42:00[0m
[0;32mI (207) cpu_start: ELF file SHA256:  f864264e635d0f9a...[0m
[0;32mI (213) cpu_start: ESP-IDF:          v5.1.2[0m
[0;32mI (218) cpu_start: Min chip rev:     v0.0[0m
[0;32mI (222) cpu_start: Max chip rev:     v0.99 [0m
[0;32mI (227) cpu_start: Chip rev:         v0.2[0m
[0;32mI (232) heap_init: Initializing. RAM available for dynamic allocation:[0m
[0;32mI (239) heap_init: At 3FC94E08 len 00054908 (338 KiB): DRAM[0m
[0;32mI (245) heap_init: At 3FCE9710 len 00005724 (21 KiB): STACK/DRAM[0m
[0;32mI (252) heap_init: At 3FCF0000 len 00008000 (32 KiB): DRAM[0m
[0;32mI (258) heap_init: At 600FE010 len 00001FD8 (7 KiB): RTCRAM[0m
[0;32mI (265) spi_flash: detected chip: boya[0m
[0;32mI (269) spi_flash: flash io: dio[0m
[0;33mW (273) spi_flash: Detected size(16384k) larger than the size in the binary image header(2048k). Using the size in the binary image header.[0m
[0;32mI (286) sleep: Configure to isolate all GPIO pins in sleep state[0m
[0;32mI (293) sleep: Enable automatic switching of GPIO sleep configuration[0m
[0;32mI (300) app_start: Starting scheduler on CPU0[0m
[0;32mI (305) app_start: Starting scheduler on CPU1[0m
[0;32mI (305) main_task: Started on CPU0[0m
[0;32mI (315) main_task: Calling app_main()[0m
[0;32mI (315) gpio: GPIO[2]| InputEn: 0| OutputEn: 1| OpenDrain: 0| Pullup: 0| Pulldown: 0| Intr:0 [0m
[0;32mI (325) LED_TIMER: Creating Timer.....[0m
[0;32mI (335) LED_TIMER: Starting Timer.... [0m
[0;32mI (335) main_task: Returned from app_main()[0m
[0;32mI (835) LED_TIMER: Timer fired. LED is now OFF[0m

***ERROR*** A stack overflow in task Tmr Svc has been detected.


Backtrace: 0x40375826:0x3fc99fa0 0x40379a81:0x3fc99fc0 0x4037c4de:0x3fc99fe0 0x4037b107:0x3fc9a060 0x4037c62c:0x3fc9a080 0x4037c622:0x3fc9a0b0 0x420084cb:0x00000001 |<-CORRUPTED




ELF file SHA256: f864264e635d0f9a

Rebooting...
ESP-ROM:esp32s3-20210327
Build:Mar 27 2021
rst:0x3 (RTC_SW_SYS_RST),boot:0x8 (SPI_FAST_FLASH_BOOT)
Saved PC:0x403756a8
SPIWP:0xee
mode:DIO, clock div:1
load:0x3fce3818,len:0x1750
load:0x403c9700,len:0x4
load:0x403c9704,len:0xc00
load:0x403cc700,len:0x2e04
entry 0x403c9908
[0;32mI (26) boot: ESP-IDF v5.1.2 2nd stage bootloader[0m
[0;32mI (26) boot: compile time Aug  5 2025 11:42:05[0m
[0;32mI (26) boot: Multicore bootloader[0m
[0;32mI (29) boot: chip revision: v0.2[0m
[0;32mI (33) boot.esp32s3: Boot SPI Speed : 80MHz[0m
[0;32mI (38) boot.esp32s3: SPI Mode       : DIO[0m
[0;32mI (42) boot.esp32s3: SPI Flash Size : 2MB[0m
[0;32mI (47) boot: Enabling RNG early entropy source...[0m
[0;32mI (53) boot: Partition Table:[0m
[0;32mI (56) boot: ## Label            Usage          Type ST Offset   Length[0m
[0;32mI (64) boot:  0 nvs              WiFi data        01 02 00009000 00006000[0m
[0;32mI (71) boot:  1 phy_init         RF data          01 01 0000f000 00001000[0m
[0;32mI (78) boot:  2 factory          factory app      00 00 00010000 00100000[0m
[0;32mI (86) boot: End of partition table[0m
[0;32mI (90) esp_image: segment 0: paddr=00010020 vaddr=3c020020 size=0a2f0h ( 41712) map[0m
[0;32mI (106) esp_image: segment 1: paddr=0001a318 vaddr=3fc91c00 size=0287ch ( 10364) load[0m
[0;32mI (109) esp_image: segment 2: paddr=0001cb9c vaddr=40374000 size=0347ch ( 13436) load[0m
[0;32mI (118) esp_image: segment 3: paddr=00020020 vaddr=42000020 size=18630h ( 99888) map[0m
[0;32mI (142) esp_image: segment 4: paddr=00038658 vaddr=4037747c size=0a6ech ( 42732) load[0m
[0;32mI (157) boot: Loaded app from partition at offset 0x10000[0m
[0;32mI (158) boot: Disabling RNG early entropy source...[0m
[0;32mI (169) cpu_start: Multicore app[0m
[0;32mI (169) cpu_start: Pro cpu up.[0m
[0;32mI (169) cpu_start: Starting app cpu, entry point is 0x403752dc[0m
[0;32mI (0) cpu_start: App cpu up.[0m
[0;32mI (187) cpu_start: Pro cpu start user code[0m
[0;32mI (188) cpu_start: cpu freq: 160000000 Hz[0m
[0;32mI (188) cpu_start: Application information:[0m
[0;32mI (191) cpu_start: Project name:     rtos_timer[0m
[0;32mI (196) cpu_start: App version:      ad40c02[0m
[0;32mI (201) cpu_start: Compile time:     Aug  5 2025 11:42:00[0m
[0;32mI (207) cpu_start: ELF file SHA256:  f864264e635d0f9a...[0m
[0;32mI (213) cpu_start: ESP-IDF:          v5.1.2[0m
[0;32mI (218) cpu_start: Min chip rev:     v0.0[0m
[0;32mI (222) cpu_start: Max chip rev:     v0.99 [0m
[0;32mI (227) cpu_start: Chip rev:         v0.2[0m
[0;32mI (232) heap_init: Initializing. RAM available for dynamic allocation:[0m
[0;32mI (239) heap_init: At 3FC94E08 len 00054908 (338 KiB): DRAM[0m
[0;32mI (245) heap_init: At 3FCE9710 len 00005724 (21 KiB): STACK/DRAM[0m
[0;32mI (252) heap_init: At 3FCF0000 len 00008000 (32 KiB): DRAM[0m
[0;32mI (258) heap_init: At 600FE010 len 00001FD8 (7 KiB): RTCRAM[0m
[0;32mI (265) spi_flash: detected chip: boya[0m
[0;32mI (269) spi_flash: flash io: dio[0m
[0;33mW (273) spi_flash: Detected size(16384k) larger than the size in the binary image header(2048k). Using the size in the binary image header.[0m
[0;32mI (286) sleep: Configure to isolate all GPIO pins in sleep state[0m
[0;32mI (293) sleep: Enable automatic switching of GPIO sleep configuration[0m
[0;32mI (300) app_start: Starting scheduler on CPU0[0m
[0;32mI (305) app_start: Starting scheduler on CPU1[0m
[0;32mI (305) main_task: Started on CPU0[0m
[0;32mI (315) main_task: Calling app_main()[0m
[0;32mI (315) gpio: GPIO[2]| InputEn: 0| OutputEn: 1| OpenDrain: 0| Pullup: 0| Pulldown: 0| Intr:0 [0m
[0;32mI (325) LED_TIMER: Creating Timer.....[0m
[0;32mI (335) LED_TIMER: Starting Timer.... [0m
[0;32mI (335) main_task: Returned from app_main()[0m
[0;32mI (835) LED_TIMER: Timer fired. LED is now OFF[0m

***ERROR*** A stack overflow in task Tmr Svc has been detected.


Backtrace: 0x40375826:0x3fc99fa0 0x40379a81:0x3fc99fc0 0x4037c4de:0x3fc99fe0 0x4037b107:0x3fc9a060 0x4037c62c:0x3fc9a080 0x4037c622:0x3fc9a0b0 0x420084cb:0x00000001 |<-CORRUPTED




ELF file SHA256: f864264e635d0f9a

Rebooting...
ESP-ROM:esp32s3-20210327
Build:Mar 27 2021
rst:0x3 (RTC_SW_SYS_RST),boot:0x8 (SPI_FAST_FLASH_BOOT)
Saved PC:0x403756a8
SPIWP:0xee
mode:DIO, clock div:1
load:0x3fce3818,len:0x1750
load:0x403c9700,len:0x4
load:0x403c9704,len:0xc00
load:0x403cc700,len:0x2e04
entry 0x403c9908
[0;32mI (26) boot: ESP-IDF v5.1.2 2nd stage bootloader[0m
[0;32mI (26) boot: compile time Aug  5 2025 11:42:05[0m
[0;32mI (26) boot: Multicore bootloader[0m
[0;32mI (29) boot: chip revision: v0.2[0m
[0;32mI (33) boot.esp32s3: Boot SPI Speed : 80MHz[0m
[0;32mI (38) boot.esp32s3: SPI Mode       : DIO[0m
[0;32mI (42) boot.esp32s3: SPI Flash Size : 2MB[0m
[0;32mI (47) boot: Enabling RNG early entropy source...[0m
[0;32mI (53) boot: Partition Table:[0m
[0;32mI (56) boot: ## Label            Usage          Type ST Offset   Length[0m
[0;32mI (64) boot:  0 nvs              WiFi data        01 02 00009000 00006000[0m
[0;32mI (71) boot:  1 phy_init         RF data          01 01 0000f000 00001000[0m
[0;32mI (78) boot:  2 factory          factory app      00 00 00010000 00100000[0m
[0;32mI (86) boot: End of partition table[0m
[0;32mI (90) esp_image: segment 0: paddr=00010020 vaddr=3c020020 size=0a2f0h ( 41712) map[0m
[0;32mI (106) esp_image: segment 1: paddr=0001a318 vaddr=3fc91c00 size=0287ch ( 10364) load[0m
[0;32mI (109) esp_image: segment 2: paddr=0001cb9c vaddr=40374000 size=0347ch ( 13436) load[0m
[0;32mI (118) esp_image: segment 3: paddr=00020020 vaddr=42000020 size=18630h ( 99888) map[0m
[0;32mI (142) esp_image: segment 4: paddr=00038658 vaddr=4037747c size=0a6ech ( 42732) load[0m
[0;32mI (157) boot: Loaded app from partition at offset 0x10000[0m
[0;32mI (158) boot: Disabling RNG early entropy source...[0m
[0;32mI (169) cpu_start: Multicore app[0m
[0;32mI (169) cpu_start: Pro cpu up.[0m
[0;32mI (169) cpu_start: Starting app cpu, entry point is 0x403752dc[0m
[0;32mI (0) cpu_start: App cpu up.[0m
[0;32mI (187) cpu_start: Pro cpu start user code[0m
[0;32mI (188) cpu_start: cpu freq: 160000000 Hz[0m
[0;32mI (188) cpu_start: Application information:[0m
[0;32mI (191) cpu_start: Project name:     rtos_timer[0m
[0;32mI (196) cpu_start: App version:      ad40c02[0m
[0;32mI (201) cpu_start: Compile time:     Aug  5 2025 11:42:00[0m
[0;32mI (207) cpu_start: ELF file SHA256:  f864264e635d0f9a...[0m
[0;32mI (213) cpu_start: ESP-IDF:          v5.1.2[0m
[0;32mI (218) cpu_start: Min chip rev:     v0.0[0m
[0;32mI (222) cpu_start: Max chip rev:     v0.99 [0m
[0;32mI (227) cpu_start: Chip rev:         v0.2[0m
[0;32mI (232) heap_init: Initializing. RAM available for dynamic allocation:[0m
[0;32mI (239) heap_init: At 3FC94E08 len 00054908 (338 KiB): DRAM[0m
[0;32mI (245) heap_init: At 3FCE9710 len 00005724 (21 KiB): STACK/DRAM[0m
[0;32mI (252) heap_init: At 3FCF0000 len 00008000 (32 KiB): DRAM[0m
[0;32mI (258) heap_init: At 600FE010 len 00001FD8 (7 KiB): RTCRAM[0m
[0;32mI (265) spi_flash: detected chip: boya[0m
[0;32mI (269) spi_flash: flash io: dio[0m
[0;33mW (273) spi_flash: Detected size(16384k) larger than the size in the binary image header(2048k). Using the size in the binary image header.[0m
[0;32mI (286) sleep: Configure to isolate all GPIO pins in sleep state[0m
[0;32mI (293) sleep: Enable automatic switching of GPIO sleep configuration[0m
[0;32mI (300) app_start: Starting scheduler on CPU0[0m
[0;32mI (305) app_start: Starting scheduler on CPU1[0m
[0;32mI (305) main_task: Started on CPU0[0m
[0;32mI (315) main_task: Calling app_main()[0m
[0;32mI (315) gpio: GPIO[2]| InputEn: 0| OutputEn: 1| OpenDrain: 0| Pullup: 0| Pulldown: 0| Intr:0 [0m
[0;32mI (325) LED_TIMER: Creating Timer.....[0m
[0;32mI (335) LED_TIMER: Starting Timer.... [0m
[0;32mI (335) main_task: Returned from app_main()[0m
[0;32mI (835) LED_TIMER: Timer fired. LED is now OFF[0m

***ERROR*** A stack overflow in task Tmr Svc has been detected.


Backtrace: 0x40375826:0x3fc99fa0 0x40379a81:0x3fc99fc0 0x4037c4de:0x3fc99fe0 0x4037b107:0x3fc9a060 0x4037c62c:0x3fc9a080 0x4037c622:0x3fc9a0b0 0x420084cb:0x00000001 |<-CORRUPTED




ELF file SHA256: f864264e635d0f9a

Rebooting...
ESP-ROM:esp32s3-20210327
Build:Mar 27 2021
rst:0x3 (RTC_SW_SYS_RST),boot:0x8 (SPI_FAST_FLASH_BOOT)
Saved PC:0x403756a8
SPIWP:0xee
mode:DIO, clock div:1
load:0x3fce3818,len:0x1750
load:0x403c9700,len:0x4
load:0x403c9704,len:0xc00
load:0x403cc700,len:0x2e04
entry 0x403c9908
[0;32mI (26) boot: ESP-IDF v5.1.2 2nd stage bootloader[0m
[0;32mI (26) boot: compile time Aug  5 2025 11:42:05[0m
[0;32mI (26) boot: Multicore bootloader[0m
[0;32mI (29) boot: chip revision: v0.2[0m
[0;32mI (33) boot.esp32s3: Boot SPI Speed : 80MHz[0m
[0;32mI (38) boot.esp32s3: SPI Mode       : DIO[0m
[0;32mI (42) boot.esp32s3: SPI Flash Size : 2MB[0m
[0;32mI (47) boot: Enabling RNG early entropy source...[0m
[0;32mI (53) boot: Partition Table:[0m
[0;32mI (56) boot: ## Label            Usage          Type ST Offset   Length[0m
[0;32mI (64) boot:  0 nvs              WiFi data        01 02 00009000 00006000[0m
[0;32mI (71) boot:  1 phy_init         RF data          01 01 0000f000 00001000[0m
[0;32mI (78) boot:  2 factory          factory app      00 00 00010000 00100000[0m
[0;32mI (86) boot: End of partition table[0m
[0;32mI (90) esp_image: segment 0: paddr=00010020 vaddr=3c020020 size=0a2f0h ( 41712) map[0m
[0;32mI (106) esp_image: segment 1: paddr=0001a318 vaddr=3fc91c00 size=0287ch ( 10364) load[0m
[0;32mI (109) esp_image: segment 2: paddr=0001cb9c vaddr=40374000 size=0347ch ( 13436) load[0m
[0;32mI (118) esp_image: segment 3: paddr=00020020 vaddr=42000020 size=18630h ( 99888) map[0m
[0;32mI (142) esp_image: segment 4: paddr=00038658 vaddr=4037747c size=0a6ech ( 42732) load[0m
[0;32mI (157) boot: Loaded app from partition at offset 0x10000[0m
[0;32mI (158) boot: Disabling RNG early entropy source...[0m
[0;32mI (169) cpu_start: Multicore app[0m
[0;32mI (169) cpu_start: Pro cpu up.[0m
[0;32mI (169) cpu_start: Starting app cpu, entry point is 0x403752dc[0m
[0;32mI (0) cpu_start: App cpu up.[0m
[0;32mI (187) cpu_start: Pro cpu start user code[0m
[0;32mI (188) cpu_start: cpu freq: 160000000 Hz[0m
[0;32mI (188) cpu_start: Application information:[0m
[0;32mI (191) cpu_start: Project name:     rtos_timer[0m
[0;32mI (196) cpu_start: App version:      ad40c02[0m
[0;32mI (201) cpu_start: Compile time:     Aug  5 2025 11:42:00[0m
[0;32mI (207) cpu_start: ELF file SHA256:  f864264e635d0f9a...[0m
[0;32mI (213) cpu_start: ESP-IDF:          v5.1.2[0m
[0;32mI (218) cpu_start: Min chip rev:     v0.0[0m
[0;32mI (222) cpu_start: Max chip rev:     v0.99 [0m
[0;32mI (227) cpu_start: Chip rev:         v0.2[0m
[0;32mI (232) heap_init: Initializing. RAM available for dynamic allocation:[0m
[0;32mI (239) heap_init: At 3FC94E08 len 00054908 (338 KiB): DRAM[0m
[0;32mI (245) heap_init: At 3FCE9710 len 00005724 (21 KiB): STACK/DRAM[0m
[0;32mI (252) heap_init: At 3FCF0000 len 00008000 (32 KiB): DRAM[0m
[0;32mI (258) heap_init: At 600FE010 len 00001FD8 (7 KiB): RTCRAM[0m
[0;32mI (265) spi_flash: detected chip: boya[0m
[0;32mI (269) spi_flash: flash io: dio[0m
[0;33mW (273) spi_flash: Detected size(16384k) larger than the size in the binary image header(2048k). Using the size in the binary image header.[0m
[0;32mI (286) sleep: Configure to isolate all GPIO pins in sleep state[0m
[0;32mI (293) sleep: Enable automatic switching of GPIO sleep configuration[0m
[0;32mI (300) app_start: Starting scheduler on CPU0[0m
[0;32mI (305) app_start: Starting scheduler on CPU1[0m
[0;32mI (305) main_task: Started on CPU0[0m
[0;32mI (315) main_task: Calling app_main()[0m
[0;32mI (315) gpio: GPIO[2]| InputEn: 0| OutputEn: 1| OpenDrain: 0| Pullup: 0| Pulldown: 0| Intr:0 [0m
[0;32mI (325) LED_TIMER: Creating Timer.....[0m
[0;32mI (335) LED_TIMER: Starting Timer.... [0m
[0;32mI (335) main_task: Returned from app_main()[0m
[0;32mI (835) LED_TIMER: Timer fired. LED is now OFF[0m

***ERROR*** A stack overflow in task Tmr Svc has been detected.


Backtrace: 0x40375826:0x3fc99fa0 0x40379a81:0x3fc99fc0 0x4037c4de:0x3fc99fe0 0x4037b107:0x3fc9a060 0x4037c62c:0x3fc9a080 0x4037c622:0x3fc9a0b0 0x420084cb:0x00000001 |<-CORRUPTED




ELF file SHA256: f864264e635d0f9a

Rebooting...
ESP-ROM:esp32s3-20210327
Build:Mar 27 2021
rst:0x3 (RTC_SW_SYS_RST),boot:0x8 (SPI_FAST_FLASH_BOOT)
Saved PC:0x403756a8
SPIWP:0xee
mode:DIO, clock div:1
load:0x3fce3818,len:0x1750
load:0x403c9700,len:0x4
load:0x403c9704,len:0xc00
load:0x403cc700,len:0x2e04
entry 0x403c9908
[0;32mI (26) boot: ESP-IDF v5.1.2 2nd stage bootloader[0m
[0;32mI (26) boot: compile time Aug  5 2025 11:42:05[0m
[0;32mI (26) boot: Multicore bootloader[0m
[0;32mI (29) boot: chip revision: v0.2[0m
[0;32mI (33) boot.esp32s3: Boot SPI Speed : 80MHz[0m
[0;32mI (38) boot.esp32s3: SPI Mode       : DIO[0m
[0;32mI (42) boot.esp32s3: SPI Flash Size : 2MB[0m
[0;32mI (47) boot: Enabling RNG early entropy source...[0m
[0;32mI (53) boot: Partition Table:[0m
[0;32mI (56) boot: ## Label            Usage          Type ST Offset   Length[0m
[0;32mI (64) boot:  0 nvs              WiFi data        01 02 00009000 00006000[0m
[0;32mI (71) boot:  1 phy_init         RF data          01 01 0000f000 00001000[0m
[0;32mI (78) boot:  2 factory          factory app      00 00 00010000 00100000[0m
[0;32mI (86) boot: End of partition table[0m
[0;32mI (90) esp_image: segment 0: paddr=00010020 vaddr=3c020020 size=0a2f0h ( 41712) map[0m
[0;32mI (106) esp_image: segment 1: paddr=0001a318 vaddr=3fc91c00 size=0287ch ( 10364) load[0m
[0;32mI (109) esp_image: segment 2: paddr=0001cb9c vaddr=40374000 size=0347ch ( 13436) load[0m
[0;32mI (118) esp_image: segment 3: paddr=00020020 vaddr=42000020 size=18630h ( 99888) map[0m
[0;32mI (142) esp_image: segment 4: paddr=00038658 vaddr=4037747c size=0a6ech ( 42732) load[0m
[0;32mI (157) boot: Loaded app from partition at offset 0x10000[0m
[0;32mI (158) boot: Disabling RNG early entropy source...[0m
[0;32mI (169) cpu_start: Multicore app[0m
[0;32mI (169) cpu_start: Pro cpu up.[0m
[0;32mI (169) cpu_start: Starting app cpu, entry point is 0x403752dc[0m
[0;32mI (0) cpu_start: App cpu up.[0m
[0;32mI (187) cpu_start: Pro cpu start user code[0m
[0;32mI (188) cpu_start: cpu freq: 160000000 Hz[0m
[0;32mI (188) cpu_start: Application information:[0m
[0;32mI (191) cpu_start: Project name:     rtos_timer[0m
[0;32mI (196) cpu_start: App version:      ad40c02[0m
[0;32mI (201) cpu_start: Compile time:     Aug  5 2025 11:42:00[0m
[0;32mI (207) cpu_start: ELF file SHA256:  f864264e635d0f9a...[0m
[0;32mI (213) cpu_start: ESP-IDF:          v5.1.2[0m
[0;32mI (218) cpu_start: Min chip rev:     v0.0[0m
[0;32mI (222) cpu_start: Max chip rev:     v0.99 [0m
[0;32mI (227) cpu_start: Chip rev:         v0.2[0m
[0;32mI (232) heap_init: Initializing. RAM available for dynamic allocation:[0m
[0;32mI (239) heap_init: At 3FC94E08 len 00054908 (338 KiB): DRAM[0m
[0;32mI (245) heap_init: At 3FCE9710 len 00005724 (21 KiB): STACK/DRAM[0m
[0;32mI (252) heap_init: At 3FCF0000 len 00008000 (32 KiB): DRAM[0m
[0;32mI (258) heap_init: At 600FE010 len 00001FD8 (7 KiB): RTCRAM[0m
[0;32mI (265) spi_flash: detected chip: boya[0m
[0;32mI (269) spi_flash: flash io: dio[0m
[0;33mW (273) spi_flash: Detected size(16384k) larger than the size in the binary image header(2048k). Using the size in the binary image header.[0m
[0;32mI (286) sleep: Configure to isolate all GPIO pins in sleep state[0m
[0;32mI (293) sleep: Enable automatic switching of GPIO sleep configuration[0m
[0;32mI (300) app_start: Starting scheduler on CPU0[0m
[0;32mI (305) app_start: Starting scheduler on CPU1[0m
[0;32mI (305) main_task: Started on CPU0[0m
[0;32mI (315) main_task: Calling app_main()[0m
[0;32mI (315) gpio: GPIO[2]| InputEn: 0| OutputEn: 1| OpenDrain: 0| Pullup: 0| Pulldown: 0| Intr:0 [0m
[0;32mI (325) LED_TIMER: Creating Timer.....[0m
[0;32mI (335) LED_TIMER: Starting Timer.... [0m
[0;32mI (335) main_task: Returned from app_main()[0m
[0;32mI (835) LED_TIMER: Timer fired. LED is now OFF[0m

***ERROR*** A stack overflow in task Tmr Svc has been detected.


Backtrace: 0x40375826:0x3fc99fa0 0x40379a81:0x3fc99fc0 0x4037c4de:0x3fc99fe0 0x4037b107:0x3fc9a060 0x4037c62c:0x3fc9a080 0x4037c622:0x3fc9a0b0 0x420084cb:0x00000001 |<-CORRUPTED




ELF file SHA256: f864264e635d0f9a

Rebooting...
ESP-ROM:esp32s3-20210327
Build:Mar 27 2021
rst:0x3 (RTC_SW_SYS_RST),boot:0x8 (SPI_FAST_FLASH_BOOT)
Saved PC:0x403756a8
SPIWP:0xee
mode:DIO, clock div:1
load:0x3fce3818,len:0x1750
load:0x403c9700,len:0x4
load:0x403c9704,len:0xc00
load:0x403cc700,len:0x2e04
entry 0x403c9908
[0;32mI (26) boot: ESP-IDF v5.1.2 2nd stage bootloader[0m
[0;32mI (26) boot: compile time Aug  5 2025 11:42:05[0m
[0;32mI (26) boot: Multicore bootloader[0m
[0;32mI (29) boot: chip revision: v0.2[0m
[0;32mI (33) boot.esp32s3: Boot SPI Speed : 80MHz[0m
[0;32mI (38) boot.esp32s3: SPI Mode       : DIO[0m
[0;32mI (42) boot.esp32s3: SPI Flash Size : 2MB[0m
[0;32mI (47) boot: Enabling RNG early entropy source...[0m
[0;32mI (53) boot: Partition Table:[0m
[0;32mI (56) boot: ## Label            Usage          Type ST Offset   Length[0m
[0;32mI (64) boot:  0 nvs              WiFi data        01 02 00009000 00006000[0m
[0;32mI (71) boot:  1 phy_init         RF data          01 01 0000f000 00001000[0m
[0;32mI (78) boot:  2 factory          factory app      00 00 00010000 00100000[0m
[0;32mI (86) boot: End of partition table[0m
[0;32mI (90) esp_image: segment 0: paddr=00010020 vaddr=3c020020 size=0a2f0h ( 41712) map[0m
[0;32mI (106) esp_image: segment 1: paddr=0001a318 vaddr=3fc91c00 size=0287ch ( 10364) load[0m
[0;32mI (109) esp_image: segment 2: paddr=0001cb9c vaddr=40374000 size=0347ch ( 13436) load[0m
[0;32mI (118) esp_image: segment 3: paddr=00020020 vaddr=42000020 size=18630h ( 99888) map[0m
[0;32mI (142) esp_image: segment 4: paddr=00038658 vaddr=4037747c size=0a6ech ( 42732) load[0m
[0;32mI (157) boot: Loaded app from partition at offset 0x10000[0m
[0;32mI (158) boot: Disabling RNG early entropy source...[0m
[0;32mI (169) cpu_start: Multicore app[0m
[0;32mI (169) cpu_start: Pro cpu up.[0m
[0;32mI (169) cpu_start: Starting app cpu, entry point is 0x403752dc[0m
[0;32mI (0) cpu_start: App cpu up.[0m
[0;32mI (187) cpu_start: Pro cpu start user code[0m
[0;32mI (188) cpu_start: cpu freq: 160000000 Hz[0m
[0;32mI (188) cpu_start: Application information:[0m
[0;32mI (191) cpu_start: Project name:     rtos_timer[0m
[0;32mI (196) cpu_start: App version:      ad40c02[0m
[0;32mI (201) cpu_start: Compile time:     Aug  5 2025 11:42:00[0m
[0;32mI (207) cpu_start: ELF file SHA256:  f864264e635d0f9a...[0m
[0;32mI (213) cpu_start: ESP-IDF:          v5.1.2[0m
[0;32mI (218) cpu_start: Min chip rev:     v0.0[0m
[0;32mI (222) cpu_start: Max chip rev:     v0.99 [0m
[0;32mI (227) cpu_start: Chip rev:         v0.2[0m
[0;32mI (232) heap_init: Initializing. RAM available for dynamic allocation:[0m
[0;32mI (239) heap_init: At 3FC94E08 len 00054908 (338 KiB): DRAM[0m
[0;32mI (245) heap_init: At 3FCE9710 len 00005724 (21 KiB): STACK/DRAM[0m
[0;32mI (252) heap_init: At 3FCF0000 len 00008000 (32 KiB): DRAM[0m
[0;32mI (258) heap_init: At 600FE010 len 00001FD8 (7 KiB): RTCRAM[0m
[0;32mI (265) spi_flash: detected chip: boya[0m
[0;32mI (269) spi_flash: flash io: dio[0m
[0;33mW (273) spi_flash: Detected size(16384k) larger than the size in the binary image header(2048k). Using the size in the binary image header.[0m
[0;32mI (286) sleep: Configure to isolate all GPIO pins in sleep state[0m
[0;32mI (293) sleep: Enable automatic switching of GPIO sleep configuration[0m
[0;32mI (300) app_start: Starting scheduler on CPU0[0m
[0;32mI (305) app_start: Starting scheduler on CPU1[0m
[0;32mI (305) main_task: Started on CPU0[0m
[0;32mI (315) main_task: Calling app_main()[0m
[0;32mI (315) gpio: GPIO[2]| InputEn: 0| OutputEn: 1| OpenDrain: 0| Pullup: 0| Pulldown: 0| Intr:0 [0m
[0;32mI (325) LED_TIMER: Creating Timer.....[0m
[0;32mI (335) LED_TIMER: Starting Timer.... [0m
[0;32mI (335) main_task: Returned from app_main()[0m
[0;32mI (835) LED_TIMER: Timer fired. LED is now OFF[0m

***ERROR*** A stack overflow in task Tmr Svc has been detected.


Backtrace: 0x40375826:0x3fc99fa0 0x40379a81:0x3fc99fc0 0x4037c4de:0x3fc99fe0 0x4037b107:0x3fc9a060 0x4037c62c:0x3fc9a080 0x4037c622:0x3fc9a0b0 0x420084cb:0x00000001 |<-CORRUPTED




ELF file SHA256: f864264e635d0f9a

Rebooting...
ESP-ROM:esp32s3-20210327
Build:Mar 27 2021
rst:0x3 (RTC_SW_SYS_RST),boot:0x8 (SPI_FAST_FLASH_BOOT)
Saved PC:0x403756a8
SPIWP:0xee
mode:DIO, clock div:1
load:0x3fce3818,len:0x1750
load:0x403c9700,len:0x4
load:0x403c9704,len:0xc00
load:0x403cc700,len:0x2e04
entry 0x403c9908
[0;32mI (26) boot: ESP-IDF v5.1.2 2nd stage bootloader[0m
[0;32mI (26) boot: compile time Aug  5 2025 11:42:05[0m
[0;32mI (26) boot: Multicore bootloader[0m
[0;32mI (29) boot: chip revision: v0.2[0m
[0;32mI (33) boot.esp32s3: Boot SPI Speed : 80MHz[0m
[0;32mI (38) boot.esp32s3: SPI Mode       : DIO[0m
[0;32mI (42) boot.esp32s3: SPI Flash Size : 2MB[0m
[0;32mI (47) boot: Enabling RNG early entropy source...[0m
[0;32mI (53) boot: Partition Table:[0m
[0;32mI (56) boot: ## Label            Usage          Type ST Offset   Length[0m
[0;32mI (64) boot:  0 nvs              WiFi data        01 02 00009000 00006000[0m
[0;32mI (71) boot:  1 phy_init         RF data          01 01 0000f000 00001000[0m
[0;32mI (78) boot:  2 factory          factory app      00 00 00010000 00100000[0m
[0;32mI (86) boot: End of partition table[0m
[0;32mI (90) esp_image: segment 0: paddr=00010020 vaddr=3c020020 size=0a2f0h ( 41712) map[0m
[0;32mI (106) esp_image: segment 1: paddr=0001a318 vaddr=3fc91c00 size=0287ch ( 10364) load[0m
[0;32mI (109) esp_image: segment 2: paddr=0001cb9c vaddr=40374000 size=0347ch ( 13436) load[0m
[0;32mI (118) esp_image: segment 3: paddr=00020020 vaddr=42000020 size=18630h ( 99888) map[0m
[0;32mI (142) esp_image: segment 4: paddr=00038658 vaddr=4037747c size=0a6ech ( 42732) load[0m
[0;32mI (157) boot: Loaded app from partition at offset 0x10000[0m
[0;32mI (158) boot: Disabling RNG early entropy source...[0m
[0;32mI (169) cpu_start: Multicore app[0m
[0;32mI (169) cpu_start: Pro cpu up.[0m
[0;32mI (169) cpu_start: Starting app cpu, entry point is 0x403752dc[0m
[0;32mI (0) cpu_start: App cpu up.[0m
[0;32mI (187) cpu_start: Pro cpu start user code[0m
[0;32mI (188) cpu_start: cpu freq: 160000000 Hz[0m
[0;32mI (188) cpu_start: Application information:[0m
[0;32mI (191) cpu_start: Project name:     rtos_timer[0m
[0;32mI (196) cpu_start: App version:      ad40c02[0m
[0;32mI (201) cpu_start: Compile time:     Aug  5 2025 11:42:00[0m
[0;32mI (207) cpu_start: ELF file SHA256:  f864264e635d0f9a...[0m
[0;32mI (213) cpu_start: ESP-IDF:          v5.1.2[0m
[0;32mI (218) cpu_start: Min chip rev:     v0.0[0m
[0;32mI (222) cpu_start: Max chip rev:     v0.99 [0m
[0;32mI (227) cpu_start: Chip rev:         v0.2[0m
[0;32mI (232) heap_init: Initializing. RAM available for dynamic allocation:[0m
[0;32mI (239) heap_init: At 3FC94E08 len 00054908 (338 KiB): DRAM[0m
[0;32mI (245) heap_init: At 3FCE9710 len 00005724 (21 KiB): STACK/DRAM[0m
[0;32mI (252) heap_init: At 3FCF0000 len 00008000 (32 KiB): DRAM[0m
[0;32mI (258) heap_init: At 600FE010 len 00001FD8 (7 KiB): RTCRAM[0m
[0;32mI (265) spi_flash: detected chip: boya[0m
[0;32mI (269) spi_flash: flash io: dio[0m
[0;33mW (273) spi_flash: Detected size(16384k) larger than the size in the binary image header(2048k). Using the size in the binary image header.[0m
[0;32mI (286) sleep: Configure to isolate all GPIO pins in sleep state[0m
[0;32mI (293) sleep: Enable automatic switching of GPIO sleep configuration[0m
[0;32mI (300) app_start: Starting scheduler on CPU0[0m
[0;32mI (305) app_start: Starting scheduler on CPU1[0m
[0;32mI (305) main_task: Started on CPU0[0m
[0;32mI (315) main_task: Calling app_main()[0m
[0;32mI (315) gpio: GPIO[2]| InputEn: 0| OutputEn: 1| OpenDrain: 0| Pullup: 0| Pulldown: 0| Intr:0 [0m
[0;32mI (325) LED_TIMER: Creating Timer.....[0m
[0;32mI (335) LED_TIMER: Starting Timer.... [0m
[0;32mI (335) main_task: Returned from app_main()[0m
[0;32mI (835) LED_TIMER: Timer fired. LED is now OFF[0m

***ERROR*** A stack overflow in task Tmr Svc has been detected.


Backtrace: 0x40375826:0x3fc99fa0 0x40379a81:0x3fc99fc0 0x4037c4de:0x3fc99fe0 0x4037b107:0x3fc9a060 0x4037c62c:0x3fc9a080 0x4037c622:0x3fc9a0b0 0x420084cb:0x00000001 |<-CORRUPTED




ELF file SHA256: f864264e635d0f9a

Rebooting...
ESP-ROM:esp32s3-20210327
Build:Mar 27 2021
rst:0x3 (RTC_SW_SYS_RST),boot:0x8 (SPI_FAST_FLASH_BOOT)
Saved PC:0x403756a8
SPIWP:0xee
mode:DIO, clock div:1
load:0x3fce3818,len:0x1750
load:0x403c9700,len:0x4
load:0x403c9704,len:0xc00
load:0x403cc700,len:0x2e04
entry 0x403c9908
[0;32mI (26) boot: ESP-IDF v5.1.2 2nd stage bootloader[0m
[0;32mI (26) boot: compile time Aug  5 2025 11:42:05[0m
[0;32mI (26) boot: Multicore bootloader[0m
[0;32mI (29) boot: chip revision: v0.2[0m
[0;32mI (33) boot.esp32s3: Boot SPI Speed : 80MHz[0m
[0;32mI (38) boot.esp32s3: SPI Mode       : DIO[0m
[0;32mI (42) boot.esp32s3: SPI Flash Size : 2MB[0m
[0;32mI (47) boot: Enabling RNG early entropy source...[0m
[0;32mI (53) boot: Partition Table:[0m
[0;32mI (56) boot: ## Label            Usage          Type ST Offset   Length[0m
[0;32mI (64) boot:  0 nvs              WiFi data        01 02 00009000 00006000[0m
[0;32mI (71) boot:  1 phy_init         RF data          01 01 0000f000 00001000[0m
[0;32mI (78) boot:  2 factory          factory app      00 00 00010000 00100000[0m
[0;32mI (86) boot: End of partition table[0m
[0;32mI (90) esp_image: segment 0: paddr=00010020 vaddr=3c020020 size=0a2f0h ( 41712) map[0m
[0;32mI (106) esp_image: segment 1: paddr=0001a318 vaddr=3fc91c00 size=0287ch ( 10364) load[0m
[0;32mI (109) esp_image: segment 2: paddr=0001cb9c vaddr=40374000 size=0347ch ( 13436) load[0m
[0;32mI (118) esp_image: segment 3: paddr=00020020 vaddr=42000020 size=18630h ( 99888) map[0m
[0;32mI (142) esp_image: segment 4: paddr=00038658 vaddr=4037747c size=0a6ech ( 42732) load[0m
[0;32mI (157) boot: Loaded app from partition at offset 0x10000[0m
[0;32mI (158) boot: Disabling RNG early entropy source...[0m
[0;32mI (169) cpu_start: Multicore app[0m
[0;32mI (169) cpu_start: Pro cpu up.[0m
[0;32mI (169) cpu_start: Starting app cpu, entry point is 0x403752dc[0m
[0;32mI (0) cpu_start: App cpu up.[0m
[0;32mI (188) cpu_start: Pro cpu start user code[0m
[0;32mI (188) cpu_start: cpu freq: 160000000 Hz[0m
[0;32mI (188) cpu_start: Application information:[0m
[0;32mI (191) cpu_start: Project name:     rtos_timer[0m
[0;32mI (196) cpu_start: App version:      ad40c02[0m
[0;32mI (201) cpu_start: Compile time:     Aug  5 2025 11:42:00[0m
[0;32mI (207) cpu_start: ELF file SHA256:  f864264e635d0f9a...[0m
[0;32mI (213) cpu_start: ESP-IDF:          v5.1.2[0m
[0;32mI (218) cpu_start: Min chip rev:     v0.0[0m
[0;32mI (222) cpu_start: Max chip rev:     v0.99 [0m
[0;32mI (227) cpu_start: Chip rev:         v0.2[0m
[0;32mI (232) heap_init: Initializing. RAM available for dynamic allocation:[0m
[0;32mI (239) heap_init: At 3FC94E08 len 00054908 (338 KiB): DRAM[0m
[0;32mI (245) heap_init: At 3FCE9710 len 00005724 (21 KiB): STACK/DRAM[0m
[0;32mI (252) heap_init: At 3FCF0000 len 00008000 (32 KiB): DRAM[0m
[0;32mI (258) heap_init: At 600FE010 len 00001FD8 (7 KiB): RTCRAM[0m
[0;32mI (266) spi_flash: detected chip: boya[0m
[0;32mI (269) spi_flash: flash io: dio[0m
[0;33mW (273) spi_flash: Detected size(16384k) larger than the size in the binary image header(2048k). Using the size in the binary image header.[0m
[0;32mI (286) sleep: Configure to isolate all GPIO pins in sleep state[0m
[0;32mI (293) sleep: Enable automatic switching of GPIO sleep configuration[0m
[0;32mI (300) app_start: Starting scheduler on CPU0[0m
[0;32mI (305) app_start: Starting scheduler on CPU1[0m
[0;32mI (305) main_task: Started on CPU0[0m
[0;32mI (315) main_task: Calling app_main()[0m
[0;32mI (315) gpio: GPIO[2]| InputEn: 0| OutputEn: 1| OpenDrain: 0| Pullup: 0| Pulldown: 0| Intr:0 [0m
[0;32mI (325) LED_TIMER: Creating Timer.....[0m
[0;32mI (335) LED_TIMER: Starting Timer.... [0m
[0;32mI (335) main_task: Returned from app_main()[0m
[0;32mI (835) LED_TIMER: Timer fired. LED is now OFF[0m

***ERROR*** A stack overflow in task Tmr Svc has been detected.


Backtrace: 0x40375826:0x3fc99fa0 0x40379a81:0x3fc99fc0 0x4037c4de:0x3fc99fe0 0x4037b107:0x3fc9a060 0x4037c62c:0x3fc9a080 0x4037c622:0x3fc9a0b0 0x420084cb:0x00000001 |<-CORRUPTED




ELF file SHA256: f864264e635d0f9a

Rebooting...
ESP-ROM:esp32s3-20210327
Build:Mar 27 2021
rst:0x3 (RTC_SW_SYS_RST),boot:0x8 (SPI_FAST_FLASH_BOOT)
Saved PC:0x403756a8
SPIWP:0xee
mode:DIO, clock div:1
load:0x3fce3818,len:0x1750
load:0x403c9700,len:0x4
load:0x403c9704,len:0xc00
load:0x403cc700,len:0x2e04
entry 0x403c9908
[0;32mI (26) boot: ESP-IDF v5.1.2 2nd stage bootloader[0m
[0;32mI (26) boot: compile time Aug  5 2025 11:42:05[0m
[0;32mI (26) boot: Multicore bootloader[0m
[0;32mI (29) boot: chip revision: v0.2[0m
[0;32mI (33) boot.esp32s3: Boot SPI Speed : 80MHz[0m
[0;32mI (38) boot.esp32s3: SPI Mode       : DIO[0m
[0;32mI (42) boot.esp32s3: SPI Flash Size : 2MB[0m
[0;32mI (47) boot: Enabling RNG early entropy source...[0m
[0;32mI (53) boot: Partition Table:[0m
[0;32mI (56) boot: ## Label            Usage          Type ST Offset   Length[0m
[0;32mI (64) boot:  0 nvs              WiFi data        01 02 00009000 00006000[0m
[0;32mI (71) boot:  1 phy_init         RF data          01 01 0000f000 00001000[0m
[0;32mI (78) boot:  2 factory          factory app      00 00 00010000 00100000[0m
[0;32mI (86) boot: End of partition table[0m
[0;32mI (90) esp_image: segment 0: paddr=00010020 vaddr=3c020020 size=0a2f0h ( 41712) map[0m
[0;32mI (106) esp_image: segment 1: paddr=0001a318 vaddr=3fc91c00 size=0287ch ( 10364) load[0m
[0;32mI (109) esp_image: segment 2: paddr=0001cb9c vaddr=40374000 size=0347ch ( 13436) load[0m
[0;32mI (118) esp_image: segment 3: paddr=00020020 vaddr=42000020 size=18630h ( 99888) map[0m
[0;32mI (142) esp_image: segment 4: paddr=00038658 vaddr=4037747c size=0a6ech ( 42732) load[0m
[0;32mI (157) boot: Loaded app from partition at offset 0x10000[0m
[0;32mI (158) boot: Disabling RNG early entropy source...[0m
[0;32mI (169) cpu_start: Multicore app[0m
[0;32mI (169) cpu_start: Pro cpu up.[0m
[0;32mI (169) cpu_start: Starting app cpu, entry point is 0x403752dc[0m
[0;32mI (0) cpu_start: App cpu up.[0m
[0;32mI (187) cpu_start: Pro cpu start user code[0m
[0;32mI (188) cpu_start: cpu freq: 160000000 Hz[0m
[0;32mI (188) cpu_start: Application information:[0m
[0;32mI (191) cpu_start: Project name:     rtos_timer[0m
[0;32mI (196) cpu_start: App version:      ad40c02[0m
[0;32mI (201) cpu_start: Compile time:     Aug  5 2025 11:42:00[0m
[0;32mI (207) cpu_start: ELF file SHA256:  f864264e635d0f9a...[0m
[0;32mI (213) cpu_start: ESP-IDF:          v5.1.2[0m
[0;32mI (218) cpu_start: Min chip rev:     v0.0[0m
[0;32mI (222) cpu_start: Max chip rev:     v0.99 [0m
[0;32mI (227) cpu_start: Chip rev:         v0.2[0m
[0;32mI (232) heap_init: Initializing. RAM available for dynamic allocation:[0m
[0;32mI (239) heap_init: At 3FC94E08 len 00054908 (338 KiB): DRAM[0m
[0;32mI (245) heap_init: At 3FCE9710 len 00005724 (21 KiB): STACK/DRAM[0m
[0;32mI (252) heap_init: At 3FCF0000 len 00008000 (32 KiB): DRAM[0m
[0;32mI (258) heap_init: At 600FE010 len 00001FD8 (7 KiB): RTCRAM[0m
[0;32mI (265) spi_flash: detected chip: boya[0m
[0;32mI (269) spi_flash: flash io: dio[0m
[0;33mW (273) spi_flash: Detected size(16384k) larger than the size in the binary image header(2048k). Using the size in the binary image header.[0m
[0;32mI (286) sleep: Configure to isolate all GPIO pins in sleep state[0m
[0;32mI (293) sleep: Enable automatic switching of GPIO sleep configuration[0m
[0;32mI (300) app_start: Starting scheduler on CPU0[0m
[0;32mI (305) app_start: Starting scheduler on CPU1[0m
[0;32mI (305) main_task: Started on CPU0[0m
[0;32mI (315) main_task: Calling app_main()[0m
[0;32mI (315) gpio: GPIO[2]| InputEn: 0| OutputEn: 1| OpenDrain: 0| Pullup: 0| Pulldown: 0| Intr:0 [0m
[0;32mI (325) LED_TIMER: Creating Timer.....[0m
[0;32mI (335) LED_TIMER: Starting Timer.... [0m
[0;32mI (335) main_task: Returned from app_main()[0m
[0;32mI (835) LED_TIMER: Timer fired. LED is now OFF[0m

***ERROR*** A stack overflow in task Tmr Svc has been detected.


Backtrace: 0x40375826:0x3fc99fa0 0x40379a81:0x3fc99fc0 0x4037c4de:0x3fc99fe0 0x4037b107:0x3fc9a060 0x4037c62c:0x3fc9a080 0x4037c622:0x3fc9a0b0 0x420084cb:0x00000001 |<-CORRUPTED




ELF file SHA256: f864264e635d0f9a

Rebooting...
ESP-ROM:esp32s3-20210327
Build:Mar 27 2021
rst:0x3 (RTC_SW_SYS_RST),boot:0x8 (SPI_FAST_FLASH_BOOT)
Saved PC:0x403756a8
SPIWP:0xee
mode:DIO, clock div:1
load:0x3fce3818,len:0x1750
load:0x403c9700,len:0x4
load:0x403c9704,len:0xc00
load:0x403cc700,len:0x2e04
entry 0x403c9908
[0;32mI (26) boot: ESP-IDF v5.1.2 2nd stage bootloader[0m
[0;32mI (26) boot: compile time Aug  5 2025 11:42:05[0m
[0;32mI (26) boot: Multicore bootloader[0m
[0;32mI (29) boot: chip revision: v0.2[0m
[0;32mI (33) boot.esp32s3: Boot SPI Speed : 80MHz[0m
[0;32mI (38) boot.esp32s3: SPI Mode       : DIO[0m
[0;32mI (42) boot.esp32s3: SPI Flash Size : 2MB[0m
[0;32mI (47) boot: Enabling RNG early entropy source...[0m
[0;32mI (53) boot: Partition Table:[0m
[0;32mI (56) boot: ## Label            Usage          Type ST Offset   Length[0m
[0;32mI (64) boot:  0 nvs              WiFi data        01 02 00009000 00006000[0m
[0;32mI (71) boot:  1 phy_init         RF data          01 01 0000f000 00001000[0m
[0;32mI (78) boot:  2 factory          factory app      00 00 00010000 00100000[0m
[0;32mI (86) boot: End of partition table[0m
[0;32mI (90) esp_image: segment 0: paddr=00010020 vaddr=3c020020 size=0a2f0h ( 41712) map[0m
[0;32mI (106) esp_image: segment 1: paddr=0001a318 vaddr=3fc91c00 size=0287ch ( 10364) load[0m
[0;32mI (109) esp_image: segment 2: paddr=0001cb9c vaddr=40374000 size=0347ch ( 13436) load[0m
[0;32mI (118) esp_image: segment 3: paddr=00020020 vaddr=42000020 size=18630h ( 99888) map[0m
[0;32mI (142) esp_image: segment 4: paddr=00038658 vaddr=4037747c size=0a6ech ( 42732) load[0m
[0;32mI (157) boot: Loaded app from partition at offset 0x10000[0m
[0;32mI (158) boot: Disabling RNG early entropy source...[0m
[0;32mI (169) cpu_start: Multicore app[0m
[0;32mI (169) cpu_start: Pro cpu up.[0m
[0;32mI (169) cpu_start: Starting app cpu, entry point is 0x403752dc[0m
[0;32mI (0) cpu_start: App cpu up.[0m
[0;32mI (187) cpu_start: Pro cpu start user code[0m
[0;32mI (188) cpu_start: cpu freq: 160000000 Hz[0m
[0;32mI (188) cpu_start: Application information:[0m
[0;32mI (191) cpu_start: Project name:     rtos_timer[0m
[0;32mI (196) cpu_start: App version:      ad40c02[0m
